Component: ARM Compiler 5.05 update 1 (build 106) Tool: armlink [4d0efa]

==============================================================================

Section Cross References

    main.o(i.Clear_white) refers to lcd.o(i.LCD_Fast_DrawPoint) for LCD_Fast_DrawPoint
    main.o(i.Draw_XY) refers to lcd.o(i.LCD_DrawLine) for LCD_DrawLine
    main.o(i.Draw_XY) refers to lcd.o(i.LCD_ShowChar) for LCD_ShowChar
    main.o(i.Draw_XY) refers to lcd.o(i.LCD_ShowNum) for LCD_ShowNum
    main.o(i.Temp_Control) refers to lcd.o(i.LCD_ShowString) for LCD_ShowString
    main.o(i.Temp_Control) refers to ds18b20.o(i.DS18B20_Get_Temp) for DS18B20_Get_Temp
    main.o(i.Temp_Control) refers to lcd.o(i.LCD_ShowChar) for LCD_ShowChar
    main.o(i.Temp_Control) refers to lcd.o(i.LCD_ShowNum) for LCD_ShowNum
    main.o(i.Temp_Control) refers to infrare.o(i.Send_IR) for Send_IR
    main.o(i.Temp_Control) refers to delay.o(i.delay_ms) for delay_ms
    main.o(i.Temp_Control) refers to stm32f4xx_tim.o(i.TIM_SetCompare2) for TIM_SetCompare2
    main.o(i.Temp_Control) refers to main.o(.data) for IRFlag
    main.o(i.Time_Display) refers to _printf_pad.o(.text) for _printf_pre_padding
    main.o(i.Time_Display) refers to _printf_percent.o(.ARM.Collect$$_printf_percent$$00000000) for _printf_percent
    main.o(i.Time_Display) refers to _printf_d.o(.ARM.Collect$$_printf_percent$$00000009) for _printf_d
    main.o(i.Time_Display) refers to _printf_dec.o(.text) for _printf_int_dec
    main.o(i.Time_Display) refers to stm32f4xx_rtc.o(i.RTC_GetTime) for RTC_GetTime
    main.o(i.Time_Display) refers to stm32f4xx_rtc.o(i.RTC_GetDate) for RTC_GetDate
    main.o(i.Time_Display) refers to noretval__2sprintf.o(.text) for __2sprintf
    main.o(i.Time_Display) refers to lcd.o(i.LCD_ShowString) for LCD_ShowString
    main.o(i.Time_Display) refers to rtc.o(i.clock_display) for clock_display
    main.o(i.Time_Display) refers to main.o(.data) for TimeFlag
    main.o(i.Time_Display) refers to main.o(.bss) for tbuf
    main.o(i.Time_Menu) refers to lcd.o(i.Display_Menu) for Display_Menu
    main.o(i.Time_Menu) refers to main.o(.data) for MenuFlag
    main.o(i.draw_templine) refers to main.o(i.Draw_XY) for Draw_XY
    main.o(i.draw_templine) refers to lcd.o(i.LCD_DrawPoint) for LCD_DrawPoint
    main.o(i.draw_templine) refers to delay.o(i.delay_ms) for delay_ms
    main.o(i.draw_templine) refers to main.o(i.Clear_white) for Clear_white
    main.o(i.draw_templine) refers to lcd.o(i.LCD_DrawLine) for LCD_DrawLine
    main.o(i.draw_templine) refers to main.o(.data) for TempFlag
    main.o(i.draw_templine) refers to main.o(.bss) for xt
    main.o(i.main) refers to misc.o(i.NVIC_PriorityGroupConfig) for NVIC_PriorityGroupConfig
    main.o(i.main) refers to delay.o(i.delay_init) for delay_init
    main.o(i.main) refers to usart.o(i.uart_init) for uart_init
    main.o(i.main) refers to key.o(i.KEY_Init) for KEY_Init
    main.o(i.main) refers to pwm.o(i.PWM_Init) for PWM_Init
    main.o(i.main) refers to ds18b20.o(i.DS18B20_Init) for DS18B20_Init
    main.o(i.main) refers to lcd.o(i.LCD_Init) for LCD_Init
    main.o(i.main) refers to rtc.o(i.My_RTC_Init) for My_RTC_Init
    main.o(i.main) refers to rtc.o(i.RTC_Set_WakeUp) for RTC_Set_WakeUp
    main.o(i.main) refers to main.o(i.Temp_Control) for Temp_Control
    main.o(i.main) refers to key.o(i.KEY_Scan) for KEY_Scan
    main.o(i.main) refers to lcd.o(i.LCD_Clear) for LCD_Clear
    main.o(i.main) refers to lcd.o(i.LCD_DisplayOn) for LCD_DisplayOn
    main.o(i.main) refers to lcd.o(i.LCD_DisplayOff) for LCD_DisplayOff
    main.o(i.main) refers to main.o(i.Time_Menu) for Time_Menu
    main.o(i.main) refers to main.o(i.Time_Display) for Time_Display
    main.o(i.main) refers to main.o(i.draw_templine) for draw_templine
    main.o(i.main) refers to lcd.o(.data) for POINT_COLOR
    main.o(i.main) refers to main.o(.data) for key
    system_stm32f4xx.o(i.SystemCoreClockUpdate) refers to system_stm32f4xx.o(.data) for SystemCoreClock
    system_stm32f4xx.o(i.SystemInit) refers to system_stm32f4xx.o(i.SetSysClock) for SetSysClock
    startup_stm32f40_41xxx.o(STACK) refers (Special) to heapauxi.o(.text) for __use_two_region_memory
    startup_stm32f40_41xxx.o(HEAP) refers (Special) to heapauxi.o(.text) for __use_two_region_memory
    startup_stm32f40_41xxx.o(RESET) refers (Special) to heapauxi.o(.text) for __use_two_region_memory
    startup_stm32f40_41xxx.o(RESET) refers to startup_stm32f40_41xxx.o(STACK) for __initial_sp
    startup_stm32f40_41xxx.o(RESET) refers to startup_stm32f40_41xxx.o(.text) for Reset_Handler
    startup_stm32f40_41xxx.o(RESET) refers to rtc.o(i.RTC_WKUP_IRQHandler) for RTC_WKUP_IRQHandler
    startup_stm32f40_41xxx.o(RESET) refers to usart.o(i.USART1_IRQHandler) for USART1_IRQHandler
    startup_stm32f40_41xxx.o(RESET) refers to rtc.o(i.RTC_Alarm_IRQHandler) for RTC_Alarm_IRQHandler
    startup_stm32f40_41xxx.o(.text) refers (Special) to heapauxi.o(.text) for __use_two_region_memory
[...]
    system_stm32f4xx.c                       0x00000000   Number         0  system_stm32f4xx.o ABSOLUTE
    RESET                                    0x08000000   Section      392  startup_stm32f40_41xxx.o(RESET)
    !!!main                                  0x08000188   Section        8  __main.o(!!!main)
    !!!scatter                               0x08000190   Section       52  __scatter.o(!!!scatter)
    !!handler_copy                           0x080001c4   Section       26  __scatter_copy.o(!!handler_copy)
    !!handler_zi                             0x080001e0   Section       28  __scatter_zi.o(!!handler_zi)
    .ARM.Collect$$_printf_percent$$00000000  0x080001fc   Section        0  _printf_percent.o(.ARM.Collect$$_printf_percent$$00000000)
    .ARM.Collect$$_printf_percent$$00000009  0x080001fc   Section        6  _printf_d.o(.ARM.Collect$$_printf_percent$$00000009)
    .ARM.Collect$$_printf_percent$$00000017  0x08000202   Section        4  _printf_percent_end.o(.ARM.Collect$$_printf_percent$$00000017)
    .ARM.Collect$$libinit$$00000000          0x08000206   Section        2  libinit.o(.ARM.Collect$$libinit$$00000000)
    .ARM.Collect$$libinit$$00000001          0x08000208   Section        4  libinit2.o(.ARM.Collect$$libinit$$00000001)
    .ARM.Collect$$libinit$$00000004          0x0800020c   Section        0  libinit2.o(.ARM.Collect$$libinit$$00000004)
    .ARM.Collect$$libinit$$0000000A          0x0800020c   Section        0  libinit2.o(.ARM.Collect$$libinit$$0000000A)
    .ARM.Collect$$libinit$$0000000C          0x0800020c   Section        0  libinit2.o(.ARM.Collect$$libinit$$0000000C)
    .ARM.Collect$$libinit$$0000000E          0x0800020c   Section        0  libinit2.o(.ARM.Collect$$libinit$$0000000E)
    .ARM.Collect$$libinit$$00000011          0x0800020c   Section        0  libinit2.o(.ARM.Collect$$libinit$$00000011)
    .ARM.Collect$$libinit$$00000013          0x0800020c   Section        0  libinit2.o(.ARM.Collect$$libinit$$00000013)
    .ARM.Collect$$libinit$$00000015          0x0800020c   Section        0  libinit2.o(.ARM.Collect$$libinit$$00000015)
    .ARM.Collect$$libinit$$00000017          0x0800020c   Section        0  libinit2.o(.ARM.Collect$$libinit$$00000017)
    .ARM.Collect$$libinit$$00000019          0x0800020c   Section        0  libinit2.o(.ARM.Collect$$libinit$$00000019)
    .ARM.Collect$$libinit$$0000001B          0x0800020c   Section        0  libinit2.o(.ARM.Collect$$libinit$$0000001B)
    .ARM.Collect$$libinit$$0000001D          0x0800020c   Section        0  libinit2.o(.ARM.Collect$$libinit$$0000001D)
    .ARM.Collect$$libinit$$0000001F          0x0800020c   Section        0  libinit2.o(.ARM.Collect$$libinit$$0000001F)
    .ARM.Collect$$libinit$$00000021          0x0800020c   Section        0  libinit2.o(.ARM.Collect$$libinit$$00000021)
    .ARM.Collect$$libinit$$00000023          0x0800020c   Section        0  libinit2.o(.ARM.Collect$$libinit$$00000023)
    .ARM.Collect$$libinit$$00000025          0x0800020c   Section        0  libinit2.o(.ARM.Collect$$libinit$$00000025)
    .ARM.Collect$$libinit$$0000002C          0x0800020c   Section        0  libinit2.o(.ARM.Collect$$libinit$$0000002C)
    .ARM.Collect$$libinit$$0000002E          0x0800020c   Section        0  libinit2.o(.ARM.Collect$$libinit$$0000002E)
    .ARM.Collect$$libinit$$00000030          0x0800020c   Section        0  libinit2.o(.ARM.Collect$$libinit$$00000030)
    .ARM.Collect$$libinit$$00000032          0x0800020c   Section        0  libinit2.o(.ARM.Collect$$libinit$$00000032)
    .ARM.Collect$$libinit$$00000033          0x0800020c   Section        2  libinit2.o(.ARM.Collect$$libinit$$00000033)
    .ARM.Collect$$libshutdown$$00000000      0x0800020e   Section        2  libshutdown.o(.ARM.Collect$$libshutdown$$00000000)
    .ARM.Collect$$libshutdown$$00000003      0x08000210   Section        0  libshutdown2.o(.ARM.Collect$$libshutdown$$00000003)
    .ARM.Collect$$libshutdown$$00000006      0x08000210   Section        0  libshutdown2.o(.ARM.Collect$$libshutdown$$00000006)
    .ARM.Collect$$libshutdown$$00000009      0x08000210   Section        0  libshutdown2.o(.ARM.Collect$$libshutdown$$00000009)
    .ARM.Collect$$libshutdown$$0000000B      0x08000210   Section        0  libshutdown2.o(.ARM.Collect$$libshutdown$$0000000B)
    .ARM.Collect$$libshutdown$$0000000E      0x08000210   Section        0  libshutdown2.o(.ARM.Collect$$libshutdown$$0000000E)
    .ARM.Collect$$libshutdown$$0000000F      0x08000210   Section        2  libshutdown2.o(.ARM.Collect$$libshutdown$$0000000F)
    .ARM.Collect$$rtentry$$00000000          0x08000212   Section        0  __rtentry.o(.ARM.Collect$$rtentry$$00000000)
    .ARM.Collect$$rtentry$$00000002          0x08000212   Section        0  __rtentry2.o(.ARM.Collect$$rtentry$$00000002)
    .ARM.Collect$$rtentry$$00000004          0x08000212   Section        6  __rtentry4.o(.ARM.Collect$$rtentry$$00000004)
    .ARM.Collect$$rtentry$$00000009          0x08000218   Section        0  __rtentry2.o(.ARM.Collect$$rtentry$$00000009)
    .ARM.Collect$$rtentry$$0000000A          0x08000218   Section        4  __rtentry2.o(.ARM.Collect$$rtentry$$0000000A)
    .ARM.Collect$$rtentry$$0000000C          0x0800021c   Section        0  __rtentry2.o(.ARM.Collect$$rtentry$$0000000C)
    .ARM.Collect$$rtentry$$0000000D          0x0800021c   Section        8  __rtentry2.o(.ARM.Collect$$rtentry$$0000000D)
    .ARM.Collect$$rtexit$$00000000           0x08000224   Section        2  rtexit.o(.ARM.Collect$$rtexit$$00000000)
    .ARM.Collect$$rtexit$$00000002           0x08000226   Section        0  rtexit2.o(.ARM.Collect$$rtexit$$00000002)
    .ARM.Collect$$rtexit$$00000003           0x08000226   Section        4  rtexit2.o(.ARM.Collect$$rtexit$$00000003)
    .ARM.Collect$$rtexit$$00000004           0x0800022a   Section        6  rtexit2.o(.ARM.Collect$$rtexit$$00000004)
    .text                                    0x08000230   Section       64  startup_stm32f40_41xxx.o(.text)
    $v0                                      0x08000230   Number         0  startup_stm32f40_41xxx.o(.text)
    .text                                    0x08000270   Section        2  use_no_semi_2.o(.text)
    .text                                    0x08000274   Section        0  noretval__2printf.o(.text)
    .text                                    0x0800028c   Section        0  noretval__2sprintf.o(.text)
    .text                                    0x080002b4   Section        0  _printf_pad.o(.text)
    .text                                    0x08000304   Section        0  _printf_dec.o(.text)
    .text                                    0x0800037c   Section        0  __printf_flags_wp.o(.text)
    .text                                    0x080004b4   Section        0  heapauxi.o(.text)
    .text                                    0x080004ba   Section        2  use_no_semi.o(.text)
    .text                                    0x080004bc   Section        0  _rserrno.o(.text)
    .text                                    0x080004d2   Section        0  _printf_intcommon.o(.text)
    .text                                    0x08000584   Section        0  _printf_char_common.o(.text)
    _printf_input_char                       0x08000585   Thumb Code    10  _printf_char_common.o(.text)
    .text                                    0x080005b4   Section        0  _sputc.o(.text)
    .text                                    0x080005c0   Section        0  _printf_char_file.o(.text)
    .text                                    0x080005e4   Section        8  rt_errno_addr_intlibspace.o(.text)
    .text                                    0x080005ec   Section        0  ferror.o(.text)
    .text                                    0x080005f4   Section        8  libspace.o(.text)
    .text                                    0x080005fc   Section       74  sys_stackheap_outer.o(.text)
    .text                                    0x08000646   Section        0  exit.o(.text)
    i.BlockWrite                             0x08000654   Section        0  lcd.o(i.BlockWrite)
    i.Clear_white                            0x08000818   Section        0  main.o(i.Clear_white)
    i.DS18B20_Check                          0x0800083c   Section        0  ds18b20.o(i.DS18B20_Check)
    i.DS18B20_Get_Temp                       0x0800089c   Section        0  ds18b20.o(i.DS18B20_Get_Temp)
    i.DS18B20_Init                           0x08000920   Section        0  ds18b20.o(i.DS18B20_Init)
    i.DS18B20_Read_Bit                       0x08000960   Section        0  ds18b20.o(i.DS18B20_Read_Bit)
    i.DS18B20_Read_Byte                      0x080009c8   Section        0  ds18b20.o(i.DS18B20_Read_Byte)
    i.DS18B20_Rst                            0x080009ec   Section        0  ds18b20.o(i.DS18B20_Rst)
    i.DS18B20_Start                          0x08000a30   Section        0  ds18b20.o(i.DS18B20_Start)
    i.DS18B20_Write_Byte                     0x08000a48   Section        0  ds18b20.o(i.DS18B20_Write_Byte)
    i.Display_Menu                           0x08000abc   Section        0  lcd.o(i.Display_Menu)
    i.Draw_XY                                0x08000bac   Section        0  main.o(i.Draw_XY)
    i.EXTI_ClearITPendingBit                 0x08000c8c   Section        0  stm32f4xx_exti.o(i.EXTI_ClearITPendingBit)
    i.EXTI_Init                              0x08000c98   Section        0  stm32f4xx_exti.o(i.EXTI_Init)
    i.GPIO_Init                              0x08000d2c   Section        0  stm32f4xx_gpio.o(i.GPIO_Init)
    i.GPIO_PinAFConfig                       0x08000dbc   Section        0  stm32f4xx_gpio.o(i.GPIO_PinAFConfig)
    i.KEY_Init                               0x08000e04   Section        0  key.o(i.KEY_Init)
    i.KEY_Scan                               0x08000e58   Section        0  key.o(i.KEY_Scan)
    i.LCD_Clear                              0x08000ef8   Section        0  lcd.o(i.LCD_Clear)
    i.LCD_DisplayOff                         0x08000f78   Section        0  lcd.o(i.LCD_DisplayOff)
    i.LCD_DisplayOn                          0x08000fac   Section        0  lcd.o(i.LCD_DisplayOn)
    i.LCD_DrawLine                           0x08000fe0   Section        0  lcd.o(i.LCD_DrawLine)
    i.LCD_DrawPoint                          0x08001090   Section        0  lcd.o(i.LCD_DrawPoint)
    i.LCD_Draw_Circle                        0x08001108   Section        0  lcd.o(i.LCD_Draw_Circle)
    i.LCD_Fast_DrawPoint                     0x080011a0   Section        0  lcd.o(i.LCD_Fast_DrawPoint)
    i.LCD_Init                               0x08001210   Section        0  lcd.o(i.LCD_Init)
    i.LCD_Pow                                0x08001c0c   Section        0  lcd.o(i.LCD_Pow)
    i.LCD_SetCursor                          0x08001c24   Section        0  lcd.o(i.LCD_SetCursor)
    i.LCD_ShowChar                           0x08001d44   Section        0  lcd.o(i.LCD_ShowChar)
    i.LCD_ShowNum                            0x08001e64   Section        0  lcd.o(i.LCD_ShowNum)
    i.LCD_ShowString                         0x08001ef8   Section        0  lcd.o(i.LCD_ShowString)
    i.My_RTC_Init                            0x08001f5e   Section        0  rtc.o(i.My_RTC_Init)
    i.NVIC_Init                              0x08001fe8   Section        0  misc.o(i.NVIC_Init)
    i.NVIC_PriorityGroupConfig               0x08002060   Section        0  misc.o(i.NVIC_PriorityGroupConfig)
    i.PWM_Init                               0x08002074   Section        0  pwm.o(i.PWM_Init)
    i.PWR_BackupAccessCmd                    0x08002108   Section        0  stm32f4xx_pwr.o(i.PWR_BackupAccessCmd)
    i.RCC_AHB1PeriphClockCmd                 0x08002114   Section        0  stm32f4xx_rcc.o(i.RCC_AHB1PeriphClockCmd)
    i.RCC_APB1PeriphClockCmd                 0x08002134   Section        0  stm32f4xx_rcc.o(i.RCC_APB1PeriphClockCmd)
    i.RCC_APB2PeriphClockCmd                 0x08002154   Section        0  stm32f4xx_rcc.o(i.RCC_APB2PeriphClockCmd)
    i.RCC_GetClocksFreq                      0x08002174   Section        0  stm32f4xx_rcc.o(i.RCC_GetClocksFreq)
    i.RCC_GetFlagStatus                      0x0800225c   Section        0  stm32f4xx_rcc.o(i.RCC_GetFlagStatus)
    i.RCC_LSEConfig                          0x0800229c   Section        0  stm32f4xx_rcc.o(i.RCC_LSEConfig)
    i.RCC_RTCCLKCmd                          0x080022c8   Section        0  stm32f4xx_rcc.o(i.RCC_RTCCLKCmd)
    i.RCC_RTCCLKConfig                       0x080022d4   Section        0  stm32f4xx_rcc.o(i.RCC_RTCCLKConfig)
    i.RTC_Alarm_IRQHandler                   0x08002310   Section        0  rtc.o(i.RTC_Alarm_IRQHandler)
    i.RTC_Bcd2ToByte                         0x08002340   Section        0  stm32f4xx_rtc.o(i.RTC_Bcd2ToByte)
    RTC_Bcd2ToByte                           0x08002341   Thumb Code    22  stm32f4xx_rtc.o(i.RTC_Bcd2ToByte)
    i.RTC_ByteToBcd2                         0x08002356   Section        0  stm32f4xx_rtc.o(i.RTC_ByteToBcd2)
    RTC_ByteToBcd2                           0x08002357   Thumb Code    28  stm32f4xx_rtc.o(i.RTC_ByteToBcd2)
    i.RTC_ClearFlag                          0x08002374   Section        0  stm32f4xx_rtc.o(i.RTC_ClearFlag)
    i.RTC_ClearITPendingBit                  0x08002390   Section        0  stm32f4xx_rtc.o(i.RTC_ClearITPendingBit)
    i.RTC_EnterInitMode                      0x080023b0   Section        0  stm32f4xx_rtc.o(i.RTC_EnterInitMode)
    i.RTC_ExitInitMode                       0x08002400   Section        0  stm32f4xx_rtc.o(i.RTC_ExitInitMode)
    i.RTC_GetDate                            0x08002414   Section        0  stm32f4xx_rtc.o(i.RTC_GetDate)
    i.RTC_GetFlagStatus                      0x08002460   Section        0  stm32f4xx_rtc.o(i.RTC_GetFlagStatus)
    i.RTC_GetTime                            0x08002488   Section        0  stm32f4xx_rtc.o(i.RTC_GetTime)
    i.RTC_ITConfig                           0x080024d8   Section        0  stm32f4xx_rtc.o(i.RTC_ITConfig)
    i.RTC_Init                               0x0800253c   Section        0  stm32f4xx_rtc.o(i.RTC_Init)
    i.RTC_ReadBackupRegister                 0x080025a0   Section        0  stm32f4xx_rtc.o(i.RTC_ReadBackupRegister)
    i.RTC_SetDate                            0x080025c0   Section        0  stm32f4xx_rtc.o(i.RTC_SetDate)
    i.RTC_SetTime                            0x08002688   Section        0  stm32f4xx_rtc.o(i.RTC_SetTime)
    i.RTC_SetWakeUpCounter                   0x08002758   Section        0  stm32f4xx_rtc.o(i.RTC_SetWakeUpCounter)
    i.RTC_Set_Date                           0x08002774   Section        0  rtc.o(i.RTC_Set_Date)
    i.RTC_Set_Time                           0x08002798   Section        0  rtc.o(i.RTC_Set_Time)
    i.RTC_Set_WakeUp                         0x080027bc   Section        0  rtc.o(i.RTC_Set_WakeUp)
    i.RTC_WKUP_IRQHandler                    0x0800282c   Section        0  rtc.o(i.RTC_WKUP_IRQHandler)
    i.RTC_WaitForSynchro                     0x0800284c   Section        0  stm32f4xx_rtc.o(i.RTC_WaitForSynchro)
    i.RTC_WakeUpClockConfig                  0x080028ac   Section        0  stm32f4xx_rtc.o(i.RTC_WakeUpClockConfig)
    i.RTC_WakeUpCmd                          0x080028dc   Section        0  stm32f4xx_rtc.o(i.RTC_WakeUpCmd)
    i.RTC_WriteBackupRegister                0x08002954   Section        0  stm32f4xx_rtc.o(i.RTC_WriteBackupRegister)
    i.Send_IR                                0x08002970   Section        0  infrare.o(i.Send_IR)
    i.SetSysClock                            0x08002a0c   Section        0  system_stm32f4xx.o(i.SetSysClock)
    SetSysClock                              0x08002a0d   Thumb Code   220  system_stm32f4xx.o(i.SetSysClock)
    i.Signal_Start                           0x08002af8   Section        0  infrare.o(i.Signal_Start)
    i.Signal_Stop                            0x08002b08   Section        0  infrare.o(i.Signal_Stop)
    i.SysTick_CLKSourceConfig                0x08002b18   Section        0  misc.o(i.SysTick_CLKSourceConfig)
    i.SystemInit                             0x08002b40   Section        0  system_stm32f4xx.o(i.SystemInit)
    i.TIM_Cmd                                0x08002ba8   Section        0  stm32f4xx_tim.o(i.TIM_Cmd)
    i.TIM_OC2Init                            0x08002bc0   Section        0  stm32f4xx_tim.o(i.TIM_OC2Init)
    i.TIM_OC2PreloadConfig                   0x08002c64   Section        0  stm32f4xx_tim.o(i.TIM_OC2PreloadConfig)
    i.TIM_SetCompare2                        0x08002c7e   Section        0  stm32f4xx_tim.o(i.TIM_SetCompare2)
    i.TIM_TimeBaseInit                       0x08002c84   Section        0  stm32f4xx_tim.o(i.TIM_TimeBaseInit)
    i.Temp_Control                           0x08002d08   Section        0  main.o(i.Temp_Control)
    i.Time_Display                           0x08002e28   Section        0  main.o(i.Time_Display)
    i.Time_Menu                              0x08002f14   Section        0  main.o(i.Time_Menu)
    i.USART1_IRQHandler                      0x08002f30   Section        0  usart.o(i.USART1_IRQHandler)
    i.USART_Cmd                              0x08002fb8   Section        0  stm32f4xx_usart.o(i.USART_Cmd)
    i.USART_GetITStatus                      0x08002fd0   Section        0  stm32f4xx_usart.o(i.USART_GetITStatus)
    i.USART_ITConfig                         0x08003024   Section        0  stm32f4xx_usart.o(i.USART_ITConfig)
    i.USART_Init                             0x08003070   Section        0  stm32f4xx_usart.o(i.USART_Init)
    i.USART_ReceiveData                      0x08003144   Section        0  stm32f4xx_usart.o(i.USART_ReceiveData)
    i.__ARM_fpclassify                       0x0800314e   Section        0  fpclassify.o(i.__ARM_fpclassify)
    i.__hardfp_cos                           0x08003180   Section        0  cos.o(i.__hardfp_cos)
    i.__hardfp_sin                           0x08003248   Section        0  sin.o(i.__hardfp_sin)
    i.__ieee754_rem_pio2                     0x08003310   Section        0  rred.o(i.__ieee754_rem_pio2)
    i.__kernel_cos                           0x08003748   Section        0  cos_i.o(i.__kernel_cos)
    i.__kernel_poly                          0x080038b8   Section        0  poly.o(i.__kernel_poly)
    i.__kernel_sin                           0x080039b0   Section        0  sin_i.o(i.__kernel_sin)
    i.__mathlib_dbl_infnan                   0x08003ae0   Section        0  dunder.o(i.__mathlib_dbl_infnan)
    i.__mathlib_dbl_invalid                  0x08003af8   Section        0  dunder.o(i.__mathlib_dbl_invalid)
    i.__mathlib_dbl_underflow                0x08003b18   Section        0  dunder.o(i.__mathlib_dbl_underflow)
    i._is_digit                              0x08003b38   Section        0  __printf_wp.o(i._is_digit)
    i._sys_exit                              0x08003b46   Section        0  usart.o(i._sys_exit)
    i.clock_display                          0x08003b4c   Section        0  rtc.o(i.clock_display)
    i.delay_init                             0x08004058   Section        0  delay.o(i.delay_init)
    i.delay_ms                               0x08004094   Section        0  delay.o(i.delay_ms)
    i.delay_us                               0x080040cc   Section        0  delay.o(i.delay_us)
    i.delay_xms                              0x08004118   Section        0  delay.o(i.delay_xms)
    i.draw_clock                             0x08004164   Section        0  rtc.o(i.draw_clock)
    i.draw_templine                          0x080043e0   Section        0  main.o(i.draw_templine)
    i.fabs                                   0x08004540   Section        0  fabs.o(i.fabs)
    i.fputc                                  0x08004558   Section        0  usart.o(i.fputc)
    i.main                                   0x08004574   Section        0  main.o(i.main)
    i.uart_init                              0x08004784   Section        0  usart.o(i.uart_init)
    x$fpl$basic                              0x08004830   Section       24  basic.o(x$fpl$basic)
    $v0                                      0x08004830   Number         0  basic.o(x$fpl$basic)
    x$fpl$dadd                               0x08004848   Section      336  daddsub_clz.o(x$fpl$dadd)
    $v0                                      0x08004848   Number         0  daddsub_clz.o(x$fpl$dadd)
    _dadd1                                   0x08004859   Thumb Code     0  daddsub_clz.o(x$fpl$dadd)
    x$fpl$ddiv                               0x08004998   Section      688  ddiv.o(x$fpl$ddiv)
    $v0                                      0x08004998   Number         0  ddiv.o(x$fpl$ddiv)
    ddiv_entry                               0x0800499f   Thumb Code     0  ddiv.o(x$fpl$ddiv)
    x$fpl$dfix                               0x08004c48   Section       94  dfix.o(x$fpl$dfix)
    $v0                                      0x08004c48   Number         0  dfix.o(x$fpl$dfix)
    x$fpl$dfixu                              0x08004ca8   Section       90  dfixu.o(x$fpl$dfixu)
    $v0                                      0x08004ca8   Number         0  dfixu.o(x$fpl$dfixu)
    x$fpl$dflt                               0x08004d02   Section       46  dflt_clz.o(x$fpl$dflt)
    $v0                                      0x08004d02   Number         0  dflt_clz.o(x$fpl$dflt)
    x$fpl$dfltu                              0x08004d30   Section       38  dflt_clz.o(x$fpl$dfltu)
    $v0                                      0x08004d30   Number         0  dflt_clz.o(x$fpl$dfltu)
    x$fpl$dmul                               0x08004d58   Section      340  dmul.o(x$fpl$dmul)
    $v0                                      0x08004d58   Number         0  dmul.o(x$fpl$dmul)
    x$fpl$dnaninf                            0x08004eac   Section      156  dnaninf.o(x$fpl$dnaninf)
    $v0                                      0x08004eac   Number         0  dnaninf.o(x$fpl$dnaninf)
    x$fpl$dretinf                            0x08004f48   Section       12  dretinf.o(x$fpl$dretinf)
    $v0                                      0x08004f48   Number         0  dretinf.o(x$fpl$dretinf)
    x$fpl$drsb                               0x08004f54   Section       22  daddsub_clz.o(x$fpl$drsb)
    $v0                                      0x08004f54   Number         0  daddsub_clz.o(x$fpl$drsb)
    x$fpl$dsub                               0x08004f6c   Section      468  daddsub_clz.o(x$fpl$dsub)
    $v0                                      0x08004f6c   Number         0  daddsub_clz.o(x$fpl$dsub)
    _dsub1                                   0x08004f7d   Thumb Code     0  daddsub_clz.o(x$fpl$dsub)
    x$fpl$fpinit                             0x08005140   Section       10  fpinit.o(x$fpl$fpinit)
    $v0                                      0x08005140   Number         0  fpinit.o(x$fpl$fpinit)
    .constdata                               0x0800514a   Section    159688  lcd.o(.constdata)
    x$fpl$usenofp                            0x0800514a   Section        0  usenofp.o(x$fpl$usenofp)
    .constdata                               0x0802c112   Section       17  __printf_flags_wp.o(.constdata)
    maptable                                 0x0802c112   Data          17  __printf_flags_wp.o(.constdata)
    .constdata                               0x0802c128   Section       48  cos_i.o(.constdata)
    C                                        0x0802c128   Data          48  cos_i.o(.constdata)
    .constdata                               0x0802c158   Section      200  rred.o(.constdata)
    pio2s                                    0x0802c158   Data          48  rred.o(.constdata)
    twooverpi                                0x0802c188   Data         152  rred.o(.constdata)
    .constdata                               0x0802c220   Section       40  sin_i.o(.constdata)
    S                                        0x0802c220   Data          40  sin_i.o(.constdata)
    .data                                    0x20000000   Section       64  main.o(.data)
    .data                                    0x20000040   Section       16  stm32f4xx_rcc.o(.data)
    APBAHBPrescTable                         0x20000040   Data          16  stm32f4xx_rcc.o(.data)
    .data                                    0x20000050   Section        4  delay.o(.data)
    fac_us                                   0x20000050   Data           1  delay.o(.data)
    fac_ms                                   0x20000052   Data           2  delay.o(.data)
    .data                                    0x20000054   Section        6  usart.o(.data)
    .data                                    0x2000005a   Section        4  lcd.o(.data)
    .data                                    0x20000060   Section       40  rtc.o(.data)
    x22                                      0x20000068   Data           8  rtc.o(.data)
    y22                                      0x20000070   Data           8  rtc.o(.data)
    x33                                      0x20000078   Data           8  rtc.o(.data)
    y33                                      0x20000080   Data           8  rtc.o(.data)
    .data                                    0x20000088   Section        1  key.o(.data)
    key_up                                   0x20000088   Data           1  key.o(.data)
    .bss                                     0x2000008c   Section       88  main.o(.bss)
    .bss                                     0x200000e4   Section      200  usart.o(.bss)
    .bss                                     0x200001ac   Section       26  lcd.o(.bss)
    .bss                                     0x200001c8   Section       96  libspace.o(.bss)
    HEAP                                     0x20000228   Section      512  startup_stm32f40_41xxx.o(HEAP)
    Heap_Mem                                 0x20000228   Data         512  startup_stm32f40_41xxx.o(HEAP)
    STACK                                    0x20000428   Section     1024  startup_stm32f40_41xxx.o(STACK)
    Stack_Mem                                0x20000428   Data        1024  startup_stm32f40_41xxx.o(STACK)
    __initial_sp                             0x20000828   Data           0  startup_stm32f40_41xxx.o(STACK)

    Global Symbols

    Symbol Name                              Value     Ov Type        Size  Object(Section)

    BuildAttributes$$THM_ISAv4$E$P$D$K$B$S$7EM$VFPi3$EXTD16$VFPS$VFMA$PE$A:L22UL41UL21$X:L11$S22US41US21$IEEE1$IW$USESV6$~STKCKD$USESV7$~SHL$OTIME$ROPI$IEEEX$EBA8$UX$STANDARDLIB$REQ8$PRES8$EABIv2 0x00000000   Number         0  anon$$obj.o ABSOLUTE
    __ARM_use_no_argv                        0x00000000   Number         0  main.o ABSOLUTE
    _printf_flags                            0x00000000   Number         0  printf_stubs.o ABSOLUTE
    _printf_return_value                     0x00000000   Number         0  printf_stubs.o ABSOLUTE
    _printf_sizespec                         0x00000000   Number         0  printf_stubs.o ABSOLUTE
    _printf_widthprec                        0x00000000   Number         0  printf_stubs.o ABSOLUTE
    __ARM_exceptions_init                     - Undefined Weak Reference
    __alloca_initialize                       - Undefined Weak Reference
    __arm_preinit_                            - Undefined Weak Reference
    __cpp_initialize__aeabi_                  - Undefined Weak Reference
    __cxa_finalize                            - Undefined Weak Reference
    __rt_locale                               - Undefined Weak Reference
    __sigvec_lookup                           - Undefined Weak Reference
    _atexit_init                              - Undefined Weak Reference
    _call_atexit_fns                          - Undefined Weak Reference
    _clock_init                               - Undefined Weak Reference
    _fp_trap_init                             - Undefined Weak Reference
    _fp_trap_shutdown                         - Undefined Weak Reference
    _get_lc_collate                           - Undefined Weak Reference
    _get_lc_ctype                             - Undefined Weak Reference
    _get_lc_monetary                          - Undefined Weak Reference
    _get_lc_numeric                           - Undefined Weak Reference
    _get_lc_time                              - Undefined Weak Reference
    _getenv_init                              - Undefined Weak Reference
    _handle_redirection                       - Undefined Weak Reference
    _init_alloc                               - Undefined Weak Reference
    _init_user_alloc                          - Undefined Weak Reference
    _initio                                   - Undefined Weak Reference
    _mutex_acquire                            - Undefined Weak Reference
    _mutex_release                            - Undefined Weak Reference
    _printf_truncate_signed                   - Undefined Weak Reference
    _printf_truncate_unsigned                 - Undefined Weak Reference
    _rand_init                                - Undefined Weak Reference
    _signal_finish                            - Undefined Weak Reference
    _signal_init                              - Undefined Weak Reference
    _terminate_alloc                          - Undefined Weak Reference
    _terminate_user_alloc                     - Undefined Weak Reference
    _terminateio                              - Undefined Weak Reference
    __Vectors_Size                           0x00000188   Number         0  startup_stm32f40_41xxx.o ABSOLUTE
    __Vectors                                0x08000000   Data           4  startup_stm32f40_41xxx.o(RESET)
    __Vectors_End                            0x08000188   Data           0  startup_stm32f40_41xxx.o(RESET)
    __main                                   0x08000189   Thumb Code     8  __main.o(!!!main)
    __scatterload                            0x08000191   Thumb Code     0  __scatter.o(!!!scatter)
    __scatterload_rt2                        0x08000191   Thumb Code    44  __scatter.o(!!!scatter)
    __scatterload_rt2_thumb_only             0x08000191   Thumb Code     0  __scatter.o(!!!scatter)
    __scatterload_null                       0x0800019f   Thumb Code     0  __scatter.o(!!!scatter)
    __scatterload_copy                       0x080001c5   Thumb Code    26  __scatter_copy.o(!!handler_copy)
    __scatterload_zeroinit                   0x080001e1   Thumb Code    28  __scatter_zi.o(!!handler_zi)
    _printf_d                                0x080001fd   Thumb Code     0  _printf_d.o(.ARM.Collect$$_printf_percent$$00000009)
    _printf_percent                          0x080001fd   Thumb Code     0  _printf_percent.o(.ARM.Collect$$_printf_percent$$00000000)
    _printf_percent_end                      0x08000203   Thumb Code     0  _printf_percent_end.o(.ARM.Collect$$_printf_percent$$00000017)
    __rt_lib_init                            0x08000207   Thumb Code     0  libinit.o(.ARM.Collect$$libinit$$00000000)
    __rt_lib_init_fp_1                       0x08000209   Thumb Code     0  libinit2.o(.ARM.Collect$$libinit$$00000001)
    __rt_lib_init_alloca_1                   0x0800020d   Thumb Code     0  libinit2.o(.ARM.Collect$$libinit$$0000002E)
    __rt_lib_init_argv_1                     0x0800020d   Thumb Code     0  libinit2.o(.ARM.Collect$$libinit$$0000002C)
    __rt_lib_init_atexit_1                   0x0800020d   Thumb Code     0  libinit2.o(.ARM.Collect$$libinit$$0000001B)
    __rt_lib_init_clock_1                    0x0800020d   Thumb Code     0  libinit2.o(.ARM.Collect$$libinit$$00000021)
    __rt_lib_init_cpp_1                      0x0800020d   Thumb Code     0  libinit2.o(.ARM.Collect$$libinit$$00000032)
    __rt_lib_init_exceptions_1               0x0800020d   Thumb Code     0  libinit2.o(.ARM.Collect$$libinit$$00000030)
    __rt_lib_init_fp_trap_1                  0x0800020d   Thumb Code     0  libinit2.o(.ARM.Collect$$libinit$$0000001F)
    __rt_lib_init_getenv_1                   0x0800020d   Thumb Code     0  libinit2.o(.ARM.Collect$$libinit$$00000023)
    __rt_lib_init_heap_1                     0x0800020d   Thumb Code     0  libinit2.o(.ARM.Collect$$libinit$$0000000A)
    __rt_lib_init_lc_collate_1               0x0800020d   Thumb Code     0  libinit2.o(.ARM.Collect$$libinit$$00000011)
    __rt_lib_init_lc_ctype_1                 0x0800020d   Thumb Code     0  libinit2.o(.ARM.Collect$$libinit$$00000013)
    __rt_lib_init_lc_monetary_1              0x0800020d   Thumb Code     0  libinit2.o(.ARM.Collect$$libinit$$00000015)
    __rt_lib_init_lc_numeric_1               0x0800020d   Thumb Code     0  libinit2.o(.ARM.Collect$$libinit$$00000017)
    __rt_lib_init_lc_time_1                  0x0800020d   Thumb Code     0  libinit2.o(.ARM.Collect$$libinit$$00000019)
    __rt_lib_init_preinit_1                  0x0800020d   Thumb Code     0  libinit2.o(.ARM.Collect$$libinit$$00000004)
    __rt_lib_init_rand_1                     0x0800020d   Thumb Code     0  libinit2.o(.ARM.Collect$$libinit$$0000000E)
    __rt_lib_init_return                     0x0800020d   Thumb Code     0  libinit2.o(.ARM.Collect$$libinit$$00000033)
    __rt_lib_init_signal_1                   0x0800020d   Thumb Code     0  libinit2.o(.ARM.Collect$$libinit$$0000001D)
    __rt_lib_init_stdio_1                    0x0800020d   Thumb Code     0  libinit2.o(.ARM.Collect$$libinit$$00000025)
    __rt_lib_init_user_alloc_1               0x0800020d   Thumb Code     0  libinit2.o(.ARM.Collect$$libinit$$0000000C)
    __rt_lib_shutdown                        0x0800020f   Thumb Code     0  libshutdown.o(.ARM.Collect$$libshutdown$$00000000)
    __rt_lib_shutdown_fp_trap_1              0x08000211   Thumb Code     0  libshutdown2.o(.ARM.Collect$$libshutdown$$00000006)
    __rt_lib_shutdown_heap_1                 0x08000211   Thumb Code     0  libshutdown2.o(.ARM.Collect$$libshutdown$$0000000E)
    __rt_lib_shutdown_return                 0x08000211   Thumb Code     0  libshutdown2.o(.ARM.Collect$$libshutdown$$0000000F)
    __rt_lib_shutdown_signal_1               0x08000211   Thumb Code     0  libshutdown2.o(.ARM.Collect$$libshutdown$$00000009)
    __rt_lib_shutdown_stdio_1                0x08000211   Thumb Code     0  libshutdown2.o(.ARM.Collect$$libshutdown$$00000003)
    __rt_lib_shutdown_user_alloc_1           0x08000211   Thumb Code     0  libshutdown2.o(.ARM.Collect$$libshutdown$$0000000B)
    __rt_entry                               0x08000213   Thumb Code     0  __rtentry.o(.ARM.Collect$$rtentry$$00000000)
    __rt_entry_presh_1                       0x08000213   Thumb Code     0  __rtentry2.o(.ARM.Collect$$rtentry$$00000002)
    __rt_entry_sh                            0x08000213   Thumb Code     0  __rtentry4.o(.ARM.Collect$$rtentry$$00000004)
    __rt_entry_li                            0x08000219   Thumb Code     0  __rtentry2.o(.ARM.Collect$$rtentry$$0000000A)
    __rt_entry_postsh_1                      0x08000219   Thumb Code     0  __rtentry2.o(.ARM.Collect$$rtentry$$00000009)
    __rt_entry_main                          0x0800021d   Thumb Code     0  __rtentry2.o(.ARM.Collect$$rtentry$$0000000D)
    __rt_entry_postli_1                      0x0800021d   Thumb Code     0  __rtentry2.o(.ARM.Collect$$rtentry$$0000000C)
    __rt_exit                                0x08000225   Thumb Code     0  rtexit.o(.ARM.Collect$$rtexit$$00000000)
    __rt_exit_ls                             0x08000227   Thumb Code     0  rtexit2.o(.ARM.Collect$$rtexit$$00000003)
    __rt_exit_prels_1                        0x08000227   Thumb Code     0  rtexit2.o(.ARM.Collect$$rtexit$$00000002)
    __rt_exit_exit                           0x0800022b   Thumb Code     0  rtexit2.o(.ARM.Collect$$rtexit$$00000004)
    Reset_Handler                            0x08000231   Thumb Code     8  startup_stm32f40_41xxx.o(.text)
    NMI_Handler                              0x08000239   Thumb Code     2  startup_stm32f40_41xxx.o(.text)
    HardFault_Handler                        0x0800023b   Thumb Code     2  startup_stm32f40_41xxx.o(.text)
    MemManage_Handler                        0x0800023d   Thumb Code     2  startup_stm32f40_41xxx.o(.text)
    BusFault_Handler                         0x0800023f   Thumb Code     2  startup_stm32f40_41xxx.o(.text)
    UsageFault_Handler                       0x08000241   Thumb Code     2  startup_stm32f40_41xxx.o(.text)
    SVC_Handler                              0x08000243   Thumb Code     2  startup_stm32f40_41xxx.o(.text)
    DebugMon_Handler                         0x08000245   Thumb Code     2  startup_stm32f40_41xxx.o(.text)
    PendSV_Handler                           0x08000247   Thumb Code     2  startup_stm32f40_41xxx.o(.text)
    SysTick_Handler                          0x08000249   Thumb Code     2  startup_stm32f40_41xxx.o(.text)
    ADC_IRQHandler                           0x0800024b   Thumb Code     0  startup_stm32f40_41xxx.o(.text)
    CAN1_RX0_IRQHandler                      0x0800024b   Thumb Code     0  startup_stm32f40_41xxx.o(.text)
    CAN1_RX1_IRQHandler                      0x0800024b   Thumb Code     0  startup_stm32f40_41xxx.o(.text)
    CAN1_SCE_IRQHandler                      0x0800024b   Thumb Code     0  startup_stm32f40_41xxx.o(.text)
    CAN1_TX_IRQHandler                       0x0800024b   Thumb Code     0  startup_stm32f40_41xxx.o(.text)
    CAN2_RX0_IRQHandler                      0x0800024b   Thumb Code     0  startup_stm32f40_41xxx.o(.text)
    CAN2_RX1_IRQHandler                      0x0800024b   Thumb Code     0  startup_stm32f40_41xxx.o(.text)
    CAN2_SCE_IRQHandler                      0x0800024b   Thumb Code     0  startup_stm32f40_41xxx.o(.text)
    CAN2_TX_IRQHandler                       0x0800024b   Thumb Code     0  startup_stm32f40_41xxx.o(.text)
    CRYP_IRQHandler                          0x0800024b   Thumb Code     0  startup_stm32f40_41xxx.o(.text)
    DCMI_IRQHandler                          0x0800024b   Thumb Code     0  startup_stm32f40_41xxx.o(.text)
    DMA1_Stream0_IRQHandler                  0x0800024b   Thumb Code     0  startup_stm32f40_41xxx.o(.text)
    DMA1_Stream1_IRQHandler                  0x0800024b   Thumb Code     0  startup_stm32f40_41xxx.o(.text)
    DMA1_Stream2_IRQHandler                  0x0800024b   Thumb Code     0  startup_stm32f40_41xxx.o(.text)
    DMA1_Stream3_IRQHandler                  0x0800024b   Thumb Code     0  startup_stm32f40_41xxx.o(.text)
    DMA1_Stream4_IRQHandler                  0x0800024b   Thumb Code     0  startup_stm32f40_41xxx.o(.text)
    DMA1_Stream5_IRQHandler                  0x0800024b   Thumb Code     0  startup_stm32f40_41xxx.o(.text)
    DMA1_Stream6_IRQHandler                  0x0800024b   Thumb Code     0  startup_stm32f40_41xxx.o(.text)
    DMA1_Stream7_IRQHandler                  0x0800024b   Thumb Code     0  startup_stm32f40_41xxx.o(.text)
    DMA2_Stream0_IRQHandler                  0x0800024b   Thumb Code     0  startup_stm32f40_41xxx.o(.text)
    DMA2_Stream1_IRQHandler                  0x0800024b   Thumb Code     0  startup_stm32f40_41xxx.o(.text)
    DMA2_Stream2_IRQHandler                  0x0800024b   Thumb Code     0  startup_stm32f40_41xxx.o(.text)
    DMA2_Stream3_IRQHandler                  0x0800024b   Thumb Code     0  startup_stm32f40_41xxx.o(.text)
    DMA2_Stream4_IRQHandler                  0x0800024b   Thumb Code     0  startup_stm32f40_41xxx.o(.text)
    DMA2_Stream5_IRQHandler                  0x0800024b   Thumb Code     0  startup_stm32f40_41xxx.o(.text)
    DMA2_Stream6_IRQHandler                  0x0800024b   Thumb Code     0  startup_stm32f40_41xxx.o(.text)
    DMA2_Stream7_IRQHandler                  0x0800024b   Thumb Code     0  startup_stm32f40_41xxx.o(.text)
    ETH_IRQHandler                           0x0800024b   Thumb Code     0  startup_stm32f40_41xxx.o(.text)
    ETH_WKUP_IRQHandler                      0x0800024b   Thumb Code     0  startup_stm32f40_41xxx.o(.text)
    EXTI0_IRQHandler                         0x0800024b   Thumb Code     0  startup_stm32f40_41xxx.o(.text)
    EXTI15_10_IRQHandler                     0x0800024b   Thumb Code     0  startup_stm32f40_41xxx.o(.text)
    EXTI1_IRQHandler                         0x0800024b   Thumb Code     0  startup_stm32f40_41xxx.o(.text)
    EXTI2_IRQHandler                         0x0800024b   Thumb Code     0  startup_stm32f40_41xxx.o(.text)
    EXTI3_IRQHandler                         0x0800024b   Thumb Code     0  startup_stm32f40_41xxx.o(.text)
    EXTI4_IRQHandler                         0x0800024b   Thumb Code     0  startup_stm32f40_41xxx.o(.text)
    EXTI9_5_IRQHandler                       0x0800024b   Thumb Code     0  startup_stm32f40_41xxx.o(.text)
    FLASH_IRQHandler                         0x0800024b   Thumb Code     0  startup_stm32f40_41xxx.o(.text)
    FPU_IRQHandler                           0x0800024b   Thumb Code     0  startup_stm32f40_41xxx.o(.text)
    FSMC_IRQHandler                          0x0800024b   Thumb Code     0  startup_stm32f40_41xxx.o(.text)
    HASH_RNG_IRQHandler                      0x0800024b   Thumb Code     0  startup_stm32f40_41xxx.o(.text)
    I2C1_ER_IRQHandler                       0x0800024b   Thumb Code     0  startup_stm32f40_41xxx.o(.text)
    I2C1_EV_IRQHandler                       0x0800024b   Thumb Code     0  startup_stm32f40_41xxx.o(.text)
    I2C2_ER_IRQHandler                       0x0800024b   Thumb Code     0  startup_stm32f40_41xxx.o(.text)
    I2C2_EV_IRQHandler                       0x0800024b   Thumb Code     0  startup_stm32f40_41xxx.o(.text)
    I2C3_ER_IRQHandler                       0x0800024b   Thumb Code     0  startup_stm32f40_41xxx.o(.text)
    I2C3_EV_IRQHandler                       0x0800024b   Thumb Code     0  startup_stm32f40_41xxx.o(.text)
    OTG_FS_IRQHandler                        0x0800024b   Thumb Code     0  startup_stm32f40_41xxx.o(.text)
    OTG_FS_WKUP_IRQHandler                   0x0800024b   Thumb Code     0  startup_stm32f40_41xxx.o(.text)
    OTG_HS_EP1_IN_IRQHandler                 0x0800024b   Thumb Code     0  startup_stm32f40_41xxx.o(.text)
    OTG_HS_EP1_OUT_IRQHandler                0x0800024b   Thumb Code     0  startup_stm32f40_41xxx.o(.text)
    OTG_HS_IRQHandler                        0x0800024b   Thumb Code     0  startup_stm32f40_41xxx.o(.text)
    OTG_HS_WKUP_IRQHandler                   0x0800024b   Thumb Code     0  startup_stm32f40_41xxx.o(.text)
    PVD_IRQHandler                           0x0800024b   Thumb Code     0  startup_stm32f40_41xxx.o(.text)
    RCC_IRQHandler                           0x0800024b   Thumb Code     0  startup_stm32f40_41xxx.o(.text)
    SDIO_IRQHandler                          0x0800024b   Thumb Code     0  startup_stm32f40_41xxx.o(.text)
    SPI1_IRQHandler                          0x0800024b   Thumb Code     0  startup_stm32f40_41xxx.o(.text)
    SPI2_IRQHandler                          0x0800024b   Thumb Code     0  startup_stm32f40_41xxx.o(.text)
    SPI3_IRQHandler                          0x0800024b   Thumb Code     0  startup_stm32f40_41xxx.o(.text)
    TAMP_STAMP_IRQHandler                    0x0800024b   Thumb Code     0  startup_stm32f40_41xxx.o(.text)
    TIM1_BRK_TIM9_IRQHandler                 0x0800024b   Thumb Code     0  startup_stm32f40_41xxx.o(.text)
    TIM1_CC_IRQHandler                       0x0800024b   Thumb Code     0  startup_stm32f40_41xxx.o(.text)
    TIM1_TRG_COM_TIM11_IRQHandler            0x0800024b   Thumb Code     0  startup_stm32f40_41xxx.o(.text)
    TIM1_UP_TIM10_IRQHandler                 0x0800024b   Thumb Code     0  startup_stm32f40_41xxx.o(.text)
    TIM2_IRQHandler                          0x0800024b   Thumb Code     0  startup_stm32f40_41xxx.o(.text)
    TIM3_IRQHandler                          0x0800024b   Thumb Code     0  startup_stm32f40_41xxx.o(.text)
    TIM4_IRQHandler                          0x0800024b   Thumb Code     0  startup_stm32f40_41xxx.o(.text)
    TIM5_IRQHandler                          0x0800024b   Thumb Code     0  startup_stm32f40_41xxx.o(.text)
    TIM6_DAC_IRQHandler                      0x0800024b   Thumb Code     0  startup_stm32f40_41xxx.o(.text)
    TIM7_IRQHandler                          0x0800024b   Thumb Code     0  startup_stm32f40_41xxx.o(.text)
    TIM8_BRK_TIM12_IRQHandler                0x0800024b   Thumb Code     0  startup_stm32f40_41xxx.o(.text)
    TIM8_CC_IRQHandler                       0x0800024b   Thumb Code     0  startup_stm32f40_41xxx.o(.text)
    TIM8_TRG_COM_TIM14_IRQHandler            0x0800024b   Thumb Code     0  startup_stm32f40_41xxx.o(.text)
    TIM8_UP_TIM13_IRQHandler                 0x0800024b   Thumb Code     0  startup_stm32f40_41xxx.o(.text)
    UART4_IRQHandler                         0x0800024b   Thumb Code     0  startup_stm32f40_41xxx.o(.text)
    UART5_IRQHandler                         0x0800024b   Thumb Code     0  startup_stm32f40_41xxx.o(.text)
    USART2_IRQHandler                        0x0800024b   Thumb Code     0  startup_stm32f40_41xxx.o(.text)
    USART3_IRQHandler                        0x0800024b   Thumb Code     0  startup_stm32f40_41xxx.o(.text)
    USART6_IRQHandler                        0x0800024b   Thumb Code     0  startup_stm32f40_41xxx.o(.text)
    WWDG_IRQHandler                          0x0800024b   Thumb Code     0  startup_stm32f40_41xxx.o(.text)
    __user_initial_stackheap                 0x0800024d   Thumb Code     0  startup_stm32f40_41xxx.o(.text)
    __use_no_semihosting                     0x08000271   Thumb Code     2  use_no_semi_2.o(.text)
    __2printf                                0x08000275   Thumb Code    20  noretval__2printf.o(.text)
    __2sprintf                               0x0800028d   Thumb Code    34  noretval__2sprintf.o(.text)
    _printf_pre_padding                      0x080002b5   Thumb Code    44  _printf_pad.o(.text)
    _printf_post_padding                     0x080002e1   Thumb Code    34  _printf_pad.o(.text)
    _printf_int_dec                          0x08000305   Thumb Code   104  _printf_dec.o(.text)
    __printf                                 0x0800037d   Thumb Code   308  __printf_flags_wp.o(.text)
    __use_two_region_memory                  0x080004b5   Thumb Code     2  heapauxi.o(.text)
    __rt_heap_escrow$2region                 0x080004b7   Thumb Code     2  heapauxi.o(.text)
    __rt_heap_expand$2region                 0x080004b9   Thumb Code     2  heapauxi.o(.text)
    __I$use$semihosting                      0x080004bb   Thumb Code     0  use_no_semi.o(.text)
    __use_no_semihosting_swi                 0x080004bb   Thumb Code     2  use_no_semi.o(.text)
    __read_errno                             0x080004bd   Thumb Code    10  _rserrno.o(.text)
    __set_errno                              0x080004c7   Thumb Code    12  _rserrno.o(.text)
    _printf_int_common                       0x080004d3   Thumb Code   178  _printf_intcommon.o(.text)
    _printf_char_common                      0x0800058f   Thumb Code    32  _printf_char_common.o(.text)
    _sputc                                   0x080005b5   Thumb Code    10  _sputc.o(.text)
    _printf_char_file                        0x080005c1   Thumb Code    32  _printf_char_file.o(.text)
    __aeabi_errno_addr                       0x080005e5   Thumb Code     8  rt_errno_addr_intlibspace.o(.text)
    __errno$intlibspace                      0x080005e5   Thumb Code     0  rt_errno_addr_intlibspace.o(.text)
    __rt_errno_addr$intlibspace              0x080005e5   Thumb Code     0  rt_errno_addr_intlibspace.o(.text)
    ferror                                   0x080005ed   Thumb Code     8  ferror.o(.text)
    __user_libspace                          0x080005f5   Thumb Code     8  libspace.o(.text)
    __user_perproc_libspace                  0x080005f5   Thumb Code     0  libspace.o(.text)
    __user_perthread_libspace                0x080005f5   Thumb Code     0  libspace.o(.text)
    __user_setup_stackheap                   0x080005fd   Thumb Code    74  sys_stackheap_outer.o(.text)
    exit                                     0x08000647   Thumb Code    12  exit.o(.text)
    BlockWrite                               0x08000655   Thumb Code   442  lcd.o(i.BlockWrite)
    Clear_white                              0x08000819   Thumb Code    36  main.o(i.Clear_white)
    DS18B20_Check                            0x0800083d   Thumb Code    88  ds18b20.o(i.DS18B20_Check)
    DS18B20_Get_Temp                         0x0800089d   Thumb Code   122  ds18b20.o(i.DS18B20_Get_Temp)
    DS18B20_Init                             0x08000921   Thumb Code    58  ds18b20.o(i.DS18B20_Init)
    DS18B20_Read_Bit                         0x08000961   Thumb Code    92  ds18b20.o(i.DS18B20_Read_Bit)
    DS18B20_Read_Byte                        0x080009c9   Thumb Code    34  ds18b20.o(i.DS18B20_Read_Byte)
    DS18B20_Rst                              0x080009ed   Thumb Code    54  ds18b20.o(i.DS18B20_Rst)
    DS18B20_Start                            0x08000a31   Thumb Code    24  ds18b20.o(i.DS18B20_Start)
    DS18B20_Write_Byte                       0x08000a49   Thumb Code   102  ds18b20.o(i.DS18B20_Write_Byte)
    Display_Menu                             0x08000abd   Thumb Code   222  lcd.o(i.Display_Menu)
    Draw_XY                                  0x08000bad   Thumb Code   224  main.o(i.Draw_XY)
    EXTI_ClearITPendingBit                   0x08000c8d   Thumb Code     6  stm32f4xx_exti.o(i.EXTI_ClearITPendingBit)
    EXTI_Init                                0x08000c99   Thumb Code   142  stm32f4xx_exti.o(i.EXTI_Init)
    GPIO_Init                                0x08000d2d   Thumb Code   144  stm32f4xx_gpio.o(i.GPIO_Init)
    GPIO_PinAFConfig                         0x08000dbd   Thumb Code    70  stm32f4xx_gpio.o(i.GPIO_PinAFConfig)
    KEY_Init                                 0x08000e05   Thumb Code    76  key.o(i.KEY_Init)
    KEY_Scan                                 0x08000e59   Thumb Code   146  key.o(i.KEY_Scan)
    LCD_Clear                                0x08000ef9   Thumb Code   118  lcd.o(i.LCD_Clear)
    LCD_DisplayOff                           0x08000f79   Thumb Code    44  lcd.o(i.LCD_DisplayOff)
    LCD_DisplayOn                            0x08000fad   Thumb Code    44  lcd.o(i.LCD_DisplayOn)
    LCD_DrawLine                             0x08000fe1   Thumb Code   176  lcd.o(i.LCD_DrawLine)
    LCD_DrawPoint                            0x08001091   Thumb Code   106  lcd.o(i.LCD_DrawPoint)
    LCD_Draw_Circle                          0x08001109   Thumb Code   152  lcd.o(i.LCD_Draw_Circle)
    LCD_Fast_DrawPoint                       0x080011a1   Thumb Code   102  lcd.o(i.LCD_Fast_DrawPoint)
    LCD_Init                                 0x08001211   Thumb Code  2544  lcd.o(i.LCD_Init)
    LCD_Pow                                  0x08001c0d   Thumb Code    22  lcd.o(i.LCD_Pow)
    LCD_SetCursor                            0x08001c25   Thumb Code   280  lcd.o(i.LCD_SetCursor)
    LCD_ShowChar                             0x08001d45   Thumb Code   268  lcd.o(i.LCD_ShowChar)
    LCD_ShowNum                              0x08001e65   Thumb Code   148  lcd.o(i.LCD_ShowNum)
    LCD_ShowString                           0x08001ef9   Thumb Code   102  lcd.o(i.LCD_ShowString)
    My_RTC_Init                              0x08001f5f   Thumb Code   138  rtc.o(i.My_RTC_Init)
    NVIC_Init                                0x08001fe9   Thumb Code   106  misc.o(i.NVIC_Init)
    NVIC_PriorityGroupConfig                 0x08002061   Thumb Code    10  misc.o(i.NVIC_PriorityGroupConfig)
    PWM_Init                                 0x08002075   Thumb Code   138  pwm.o(i.PWM_Init)
    PWR_BackupAccessCmd                      0x08002109   Thumb Code     6  stm32f4xx_pwr.o(i.PWR_BackupAccessCmd)
    RCC_AHB1PeriphClockCmd                   0x08002115   Thumb Code    26  stm32f4xx_rcc.o(i.RCC_AHB1PeriphClockCmd)
    RCC_APB1PeriphClockCmd                   0x08002135   Thumb Code    26  stm32f4xx_rcc.o(i.RCC_APB1PeriphClockCmd)
    RCC_APB2PeriphClockCmd                   0x08002155   Thumb Code    26  stm32f4xx_rcc.o(i.RCC_APB2PeriphClockCmd)
    RCC_GetClocksFreq                        0x08002175   Thumb Code   214  stm32f4xx_rcc.o(i.RCC_GetClocksFreq)
    RCC_GetFlagStatus                        0x0800225d   Thumb Code    60  stm32f4xx_rcc.o(i.RCC_GetFlagStatus)
    RCC_LSEConfig                            0x0800229d   Thumb Code    40  stm32f4xx_rcc.o(i.RCC_LSEConfig)
    RCC_RTCCLKCmd                            0x080022c9   Thumb Code     6  stm32f4xx_rcc.o(i.RCC_RTCCLKCmd)
    RCC_RTCCLKConfig                         0x080022d5   Thumb Code    50  stm32f4xx_rcc.o(i.RCC_RTCCLKConfig)
    RTC_Alarm_IRQHandler                     0x08002311   Thumb Code    36  rtc.o(i.RTC_Alarm_IRQHandler)
    RTC_ClearFlag                            0x08002375   Thumb Code    24  stm32f4xx_rtc.o(i.RTC_ClearFlag)
    RTC_ClearITPendingBit                    0x08002391   Thumb Code    28  stm32f4xx_rtc.o(i.RTC_ClearITPendingBit)
    RTC_EnterInitMode                        0x080023b1   Thumb Code    76  stm32f4xx_rtc.o(i.RTC_EnterInitMode)
    RTC_ExitInitMode                         0x08002401   Thumb Code    14  stm32f4xx_rtc.o(i.RTC_ExitInitMode)
    RTC_GetDate                              0x08002415   Thumb Code    68  stm32f4xx_rtc.o(i.RTC_GetDate)
    RTC_GetFlagStatus                        0x08002461   Thumb Code    32  stm32f4xx_rtc.o(i.RTC_GetFlagStatus)
    RTC_GetTime                              0x08002489   Thumb Code    72  stm32f4xx_rtc.o(i.RTC_GetTime)
    RTC_ITConfig                             0x080024d9   Thumb Code    94  stm32f4xx_rtc.o(i.RTC_ITConfig)
    RTC_Init                                 0x0800253d   Thumb Code    94  stm32f4xx_rtc.o(i.RTC_Init)
    RTC_ReadBackupRegister                   0x080025a1   Thumb Code    26  stm32f4xx_rtc.o(i.RTC_ReadBackupRegister)
    RTC_SetDate                              0x080025c1   Thumb Code   190  stm32f4xx_rtc.o(i.RTC_SetDate)
    RTC_SetTime                              0x08002689   Thumb Code   198  stm32f4xx_rtc.o(i.RTC_SetTime)
    RTC_SetWakeUpCounter                     0x08002759   Thumb Code    22  stm32f4xx_rtc.o(i.RTC_SetWakeUpCounter)
    RTC_Set_Date                             0x08002775   Thumb Code    36  rtc.o(i.RTC_Set_Date)
    RTC_Set_Time                             0x08002799   Thumb Code    36  rtc.o(i.RTC_Set_Time)
    RTC_Set_WakeUp                           0x080027bd   Thumb Code   108  rtc.o(i.RTC_Set_WakeUp)
    RTC_WKUP_IRQHandler                      0x0800282d   Thumb Code    30  rtc.o(i.RTC_WKUP_IRQHandler)
    RTC_WaitForSynchro                       0x0800284d   Thumb Code    92  stm32f4xx_rtc.o(i.RTC_WaitForSynchro)
    RTC_WakeUpClockConfig                    0x080028ad   Thumb Code    42  stm32f4xx_rtc.o(i.RTC_WakeUpClockConfig)
    RTC_WakeUpCmd                            0x080028dd   Thumb Code   116  stm32f4xx_rtc.o(i.RTC_WakeUpCmd)
    RTC_WriteBackupRegister                  0x08002955   Thumb Code    24  stm32f4xx_rtc.o(i.RTC_WriteBackupRegister)
    Send_IR                                  0x08002971   Thumb Code   156  infrare.o(i.Send_IR)
    Signal_Start                             0x08002af9   Thumb Code    12  infrare.o(i.Signal_Start)
    Signal_Stop                              0x08002b09   Thumb Code    12  infrare.o(i.Signal_Stop)
    SysTick_CLKSourceConfig                  0x08002b19   Thumb Code    40  misc.o(i.SysTick_CLKSourceConfig)
    SystemInit                               0x08002b41   Thumb Code    88  system_stm32f4xx.o(i.SystemInit)
    TIM_Cmd                                  0x08002ba9   Thumb Code    24  stm32f4xx_tim.o(i.TIM_Cmd)
    TIM_OC2Init                              0x08002bc1   Thumb Code   154  stm32f4xx_tim.o(i.TIM_OC2Init)
    TIM_OC2PreloadConfig                     0x08002c65   Thumb Code    26  stm32f4xx_tim.o(i.TIM_OC2PreloadConfig)
    TIM_SetCompare2                          0x08002c7f   Thumb Code     4  stm32f4xx_tim.o(i.TIM_SetCompare2)
    TIM_TimeBaseInit                         0x08002c85   Thumb Code   104  stm32f4xx_tim.o(i.TIM_TimeBaseInit)
    Temp_Control                             0x08002d09   Thumb Code   266  main.o(i.Temp_Control)
    Time_Display                             0x08002e29   Thumb Code   172  main.o(i.Time_Display)
    Time_Menu                                0x08002f15   Thumb Code    20  main.o(i.Time_Menu)
    USART1_IRQHandler                        0x08002f31   Thumb Code   122  usart.o(i.USART1_IRQHandler)
    USART_Cmd                                0x08002fb9   Thumb Code    24  stm32f4xx_usart.o(i.USART_Cmd)
    USART_GetITStatus                        0x08002fd1   Thumb Code    84  stm32f4xx_usart.o(i.USART_GetITStatus)
    USART_ITConfig                           0x08003025   Thumb Code    74  stm32f4xx_usart.o(i.USART_ITConfig)
    USART_Init                               0x08003071   Thumb Code   204  stm32f4xx_usart.o(i.USART_Init)
    USART_ReceiveData                        0x08003145   Thumb Code    10  stm32f4xx_usart.o(i.USART_ReceiveData)
    __ARM_fpclassify                         0x0800314f   Thumb Code    48  fpclassify.o(i.__ARM_fpclassify)
    __hardfp_cos                             0x08003181   Thumb Code   180  cos.o(i.__hardfp_cos)
    __hardfp_sin                             0x08003249   Thumb Code   180  sin.o(i.__hardfp_sin)
    __ieee754_rem_pio2                       0x08003311   Thumb Code   938  rred.o(i.__ieee754_rem_pio2)
    __kernel_cos                             0x08003749   Thumb Code   322  cos_i.o(i.__kernel_cos)
    __kernel_poly                            0x080038b9   Thumb Code   248  poly.o(i.__kernel_poly)
    __kernel_sin                             0x080039b1   Thumb Code   280  sin_i.o(i.__kernel_sin)
    __mathlib_dbl_infnan                     0x08003ae1   Thumb Code    20  dunder.o(i.__mathlib_dbl_infnan)
    __mathlib_dbl_invalid                    0x08003af9   Thumb Code    24  dunder.o(i.__mathlib_dbl_invalid)
    __mathlib_dbl_underflow                  0x08003b19   Thumb Code    24  dunder.o(i.__mathlib_dbl_underflow)
    _is_digit                                0x08003b39   Thumb Code    14  __printf_wp.o(i._is_digit)
    _sys_exit                                0x08003b47   Thumb Code     6  usart.o(i._sys_exit)
    clock_display                            0x08003b4d   Thumb Code  1278  rtc.o(i.clock_display)
    delay_init                               0x08004059   Thumb Code    52  delay.o(i.delay_init)
    delay_ms                                 0x08004095   Thumb Code    56  delay.o(i.delay_ms)
    delay_us                                 0x080040cd   Thumb Code    72  delay.o(i.delay_us)
    delay_xms                                0x08004119   Thumb Code    72  delay.o(i.delay_xms)
    draw_clock                               0x08004165   Thumb Code   588  rtc.o(i.draw_clock)
    draw_templine                            0x080043e1   Thumb Code   312  main.o(i.draw_templine)
    fabs                                     0x08004541   Thumb Code    24  fabs.o(i.fabs)
    fputc                                    0x08004559   Thumb Code    22  usart.o(i.fputc)
    main                                     0x08004575   Thumb Code   478  main.o(i.main)
    uart_init                                0x08004785   Thumb Code   164  usart.o(i.uart_init)
    __aeabi_dneg                             0x08004831   Thumb Code     0  basic.o(x$fpl$basic)
    _dneg                                    0x08004831   Thumb Code     6  basic.o(x$fpl$basic)
    __aeabi_fneg                             0x08004837   Thumb Code     0  basic.o(x$fpl$basic)
    _fneg                                    0x08004837   Thumb Code     6  basic.o(x$fpl$basic)
    _dabs                                    0x0800483d   Thumb Code     6  basic.o(x$fpl$basic)
    _fabs                                    0x08004843   Thumb Code     6  basic.o(x$fpl$basic)
    __aeabi_dadd                             0x08004849   Thumb Code     0  daddsub_clz.o(x$fpl$dadd)
    _dadd                                    0x08004849   Thumb Code   332  daddsub_clz.o(x$fpl$dadd)
    __aeabi_ddiv                             0x08004999   Thumb Code     0  ddiv.o(x$fpl$ddiv)
    _ddiv                                    0x08004999   Thumb Code   552  ddiv.o(x$fpl$ddiv)
    __aeabi_d2iz                             0x08004c49   Thumb Code     0  dfix.o(x$fpl$dfix)
    _dfix                                    0x08004c49   Thumb Code    94  dfix.o(x$fpl$dfix)
    __aeabi_d2uiz                            0x08004ca9   Thumb Code     0  dfixu.o(x$fpl$dfixu)
    _dfixu                                   0x08004ca9   Thumb Code    90  dfixu.o(x$fpl$dfixu)
    __aeabi_i2d                              0x08004d03   Thumb Code     0  dflt_clz.o(x$fpl$dflt)
    _dflt                                    0x08004d03   Thumb Code    46  dflt_clz.o(x$fpl$dflt)
    __aeabi_ui2d                             0x08004d31   Thumb Code     0  dflt_clz.o(x$fpl$dfltu)
    _dfltu                                   0x08004d31   Thumb Code    38  dflt_clz.o(x$fpl$dfltu)
    __aeabi_dmul                             0x08004d59   Thumb Code     0  dmul.o(x$fpl$dmul)
    _dmul                                    0x08004d59   Thumb Code   332  dmul.o(x$fpl$dmul)
    __fpl_dnaninf                            0x08004ead   Thumb Code   156  dnaninf.o(x$fpl$dnaninf)
    __fpl_dretinf                            0x08004f49   Thumb Code    12  dretinf.o(x$fpl$dretinf)
    __aeabi_drsub                            0x08004f55   Thumb Code     0  daddsub_clz.o(x$fpl$drsb)
    _drsb                                    0x08004f55   Thumb Code    22  daddsub_clz.o(x$fpl$drsb)
    __aeabi_dsub                             0x08004f6d   Thumb Code     0  daddsub_clz.o(x$fpl$dsub)
    _dsub                                    0x08004f6d   Thumb Code   464  daddsub_clz.o(x$fpl$dsub)
    _fp_init                                 0x08005141   Thumb Code    10  fpinit.o(x$fpl$fpinit)
    __fplib_config_fpu_vfp                   0x08005149   Thumb Code     0  fpinit.o(x$fpl$fpinit)
    __fplib_config_pureend_doubles           0x08005149   Thumb Code     0  fpinit.o(x$fpl$fpinit)
    __I$use$fp                               0x0800514a   Number         0  usenofp.o(x$fpl$usenofp)
    asc2_1206                                0x0800514a   Data        1140  lcd.o(.constdata)
    asc2_1608                                0x080055be   Data        1520  lcd.o(.constdata)
    asc2_2412                                0x08005bae   Data        3420  lcd.o(.constdata)
    gImage_menu                              0x0800690a   Data       153608  lcd.o(.constdata)
    Region$$Table$$Base                      0x0802c248   Number         0  anon$$obj.o(Region$$Table)
    Region$$Table$$Limit                     0x0802c268   Number         0  anon$$obj.o(Region$$Table)
    key                                      0x20000000   Data           1  main.o(.data)
    cnt                                      0x20000004   Data           4  main.o(.data)
    cnt2                                     0x20000008   Data           4  main.o(.data)
    sec                                      0x2000000c   Data           4  main.o(.data)
    sec2                                     0x20000010   Data           4  main.o(.data)
    min                                      0x20000014   Data           4  main.o(.data)
    hou                                      0x20000018   Data           4  main.o(.data)
    TimeFlag                                 0x2000001c   Data           4  main.o(.data)
    ClockFlag                                0x20000020   Data           4  main.o(.data)
    TempFlag                                 0x20000024   Data           4  main.o(.data)
    IRFlag                                   0x20000028   Data           4  main.o(.data)
    MenuFlag                                 0x2000002c   Data           4  main.o(.data)
    temperature                              0x20000030   Data           2  main.o(.data)
    count1                                   0x20000034   Data           4  main.o(.data)
    count2                                   0x20000038   Data           4  main.o(.data)
    count3                                   0x2000003c   Data           4  main.o(.data)
    __stdout                                 0x20000054   Data           4  usart.o(.data)
    USART_RX_STA                             0x20000058   Data           2  usart.o(.data)
    POINT_COLOR                              0x2000005a   Data           2  lcd.o(.data)
    BACK_COLOR                               0x2000005c   Data           2  lcd.o(.data)
    NVIC_InitStructure                       0x20000060   Data           4  rtc.o(.data)
    tbuf                                     0x2000008c   Data          40  main.o(.bss)
    xt                                       0x200000b4   Data          24  main.o(.bss)
    yt                                       0x200000cc   Data          24  main.o(.bss)
    USART_RX_BUF                             0x200000e4   Data         200  usart.o(.bss)
    lcd_id                                   0x200001ac   Data          12  lcd.o(.bss)
    lcddev                                   0x200001b8   Data          14  lcd.o(.bss)
    __libspace_start                         0x200001c8   Data          96  libspace.o(.bss)
    __temporary_stack_top$libspace           0x20000228   Data           0  libspace.o(.bss)



==============================================================================

Memory Map of the image

  Image Entry point : 0x08000189

  Load Region LR_IROM1 (Base: 0x08000000, Size: 0x0002c2f4, Max: 0x00080000, ABSOLUTE)

    Execution Region ER_IROM1 (Base: 0x08000000, Size: 0x0002c268, Max: 0x00080000, ABSOLUTE)

    Base Addr    Size         Type   Attr      Idx    E Section Name        Object

    0x08000000   0x00000188   Data   RO          271    RESET               startup_stm32f40_41xxx.o
    0x08000188   0x00000008   Code   RO         2649  * !!!main             c_w.l(__main.o)
    0x08000190   0x00000034   Code   RO         2920    !!!scatter          c_w.l(__scatter.o)
    0x080001c4   0x0000001a   Code   RO         2922    !!handler_copy      c_w.l(__scatter_copy.o)
    0x080001de   0x00000002   PAD
    0x080001e0   0x0000001c   Code   RO         2924    !!handler_zi        c_w.l(__scatter_zi.o)
    0x080001fc   0x00000000   Code   RO         2646    .ARM.Collect$$_printf_percent$$00000000  c_w.l(_printf_percent.o)
    0x080001fc   0x00000006   Code   RO         2645    .ARM.Collect$$_printf_percent$$00000009  c_w.l(_printf_d.o)
    0x08000202   0x00000004   Code   RO         2714    .ARM.Collect$$_printf_percent$$00000017  c_w.l(_printf_percent_end.o)
    0x08000206   0x00000002   Code   RO         2798    .ARM.Collect$$libinit$$00000000  c_w.l(libinit.o)
    0x08000208   0x00000004   Code   RO         2801    .ARM.Collect$$libinit$$00000001  c_w.l(libinit2.o)
    0x0800020c   0x00000000   Code   RO         2804    .ARM.Collect$$libinit$$00000004  c_w.l(libinit2.o)
    0x0800020c   0x00000000   Code   RO         2807    .ARM.Collect$$libinit$$0000000A  c_w.l(libinit2.o)
    0x0800020c   0x00000000   Code   RO         2809    .ARM.Collect$$libinit$$0000000C  c_w.l(libinit2.o)
    0x0800020c   0x00000000   Code   RO         2811    .ARM.Collect$$libinit$$0000000E  c_w.l(libinit2.o)
    0x0800020c   0x00000000   Code   RO         2814    .ARM.Collect$$libinit$$00000011  c_w.l(libinit2.o)
    0x0800020c   0x00000000   Code   RO         2816    .ARM.Collect$$libinit$$00000013  c_w.l(libinit2.o)
    0x0800020c   0x00000000   Code   RO         2818    .ARM.Collect$$libinit$$00000015  c_w.l(libinit2.o)
    0x0800020c   0x00000000   Code   RO         2820    .ARM.Collect$$libinit$$00000017  c_w.l(libinit2.o)
    0x0800020c   0x00000000   Code   RO         2822    .ARM.Collect$$libinit$$00000019  c_w.l(libinit2.o)
    0x0800020c   0x00000000   Code   RO         2824    .ARM.Collect$$libinit$$0000001B  c_w.l(libinit2.o)
    0x0800020c   0x00000000   Code   RO         2826    .ARM.Collect$$libinit$$0000001D  c_w.l(libinit2.o)
    0x0800020c   0x00000000   Code   RO         2828    .ARM.Collect$$libinit$$0000001F  c_w.l(libinit2.o)
    0x0800020c   0x00000000   Code   RO         2830    .ARM.Collect$$libinit$$00000021  c_w.l(libinit2.o)
    0x0800020c   0x00000000   Code   RO         2832    .ARM.Collect$$libinit$$00000023  c_w.l(libinit2.o)
    0x0800020c   0x00000000   Code   RO         2834    .ARM.Collect$$libinit$$00000025  c_w.l(libinit2.o)
    0x0800020c   0x00000000   Code   RO         2838    .ARM.Collect$$libinit$$0000002C  c_w.l(libinit2.o)
    0x0800020c   0x00000000   Code   RO         2840    .ARM.Collect$$libinit$$0000002E  c_w.l(libinit2.o)
    0x0800020c   0x00000000   Code   RO         2842    .ARM.Collect$$libinit$$00000030  c_w.l(libinit2.o)
    0x0800020c   0x00000000   Code   RO         2844    .ARM.Collect$$libinit$$00000032  c_w.l(libinit2.o)
    0x0800020c   0x00000002   Code   RO         2845    .ARM.Collect$$libinit$$00000033  c_w.l(libinit2.o)
    0x0800020e   0x00000002   Code   RO         2863    .ARM.Collect$$libshutdown$$00000000  c_w.l(libshutdown.o)
    0x08000210   0x00000000   Code   RO         2874    .ARM.Collect$$libshutdown$$00000003  c_w.l(libshutdown2.o)
    0x08000210   0x00000000   Code   RO         2877    .ARM.Collect$$libshutdown$$00000006  c_w.l(libshutdown2.o)
    0x08000210   0x00000000   Code   RO         2880    .ARM.Collect$$libshutdown$$00000009  c_w.l(libshutdown2.o)
    0x08000210   0x00000000   Code   RO         2882    .ARM.Collect$$libshutdown$$0000000B  c_w.l(libshutdown2.o)
    0x08000210   0x00000000   Code   RO         2885    .ARM.Collect$$libshutdown$$0000000E  c_w.l(libshutdown2.o)
    0x08000210   0x00000002   Code   RO         2886    .ARM.Collect$$libshutdown$$0000000F  c_w.l(libshutdown2.o)
    0x08000212   0x00000000   Code   RO         2703    .ARM.Collect$$rtentry$$00000000  c_w.l(__rtentry.o)
    0x08000212   0x00000000   Code   RO         2751    .ARM.Collect$$rtentry$$00000002  c_w.l(__rtentry2.o)
    0x08000212   0x00000006   Code   RO         2763    .ARM.Collect$$rtentry$$00000004  c_w.l(__rtentry4.o)
    0x08000218   0x00000000   Code   RO         2753    .ARM.Collect$$rtentry$$00000009  c_w.l(__rtentry2.o)
    0x08000218   0x00000004   Code   RO         2754    .ARM.Collect$$rtentry$$0000000A  c_w.l(__rtentry2.o)
    0x0800021c   0x00000000   Code   RO         2756    .ARM.Collect$$rtentry$$0000000C  c_w.l(__rtentry2.o)
    0x0800021c   0x00000008   Code   RO         2757    .ARM.Collect$$rtentry$$0000000D  c_w.l(__rtentry2.o)
    0x08000224   0x00000002   Code   RO         2799    .ARM.Collect$$rtexit$$00000000  c_w.l(rtexit.o)
    0x08000226   0x00000000   Code   RO         2847    .ARM.Collect$$rtexit$$00000002  c_w.l(rtexit2.o)
    0x08000226   0x00000004   Code   RO         2848    .ARM.Collect$$rtexit$$00000003  c_w.l(rtexit2.o)
    0x0800022a   0x00000006   Code   RO         2849    .ARM.Collect$$rtexit$$00000004  c_w.l(rtexit2.o)
    0x08000230   0x00000040   Code   RO          272    .text               startup_stm32f40_41xxx.o
    0x08000270   0x00000002   Code   RO         2587    .text               c_w.l(use_no_semi_2.o)
    0x08000272   0x00000002   PAD
    0x08000274   0x00000018   Code   RO         2593    .text               c_w.l(noretval__2printf.o)
    0x0800028c   0x00000028   Code   RO         2595    .text               c_w.l(noretval__2sprintf.o)
    0x080002b4   0x0000004e   Code   RO         2599    .text               c_w.l(_printf_pad.o)
    0x08000302   0x00000002   PAD
    0x08000304   0x00000078   Code   RO         2601    .text               c_w.l(_printf_dec.o)
    0x0800037c   0x00000138   Code   RO         2636    .text               c_w.l(__printf_flags_wp.o)
    0x080004b4   0x00000006   Code   RO         2647    .text               c_w.l(heapauxi.o)
    0x080004ba   0x00000002   Code   RO         2701    .text               c_w.l(use_no_semi.o)
    0x080004bc   0x00000016   Code   RO         2704    .text               c_w.l(_rserrno.o)
    0x080004d2   0x000000b2   Code   RO         2706    .text               c_w.l(_printf_intcommon.o)
    0x08000584   0x00000030   Code   RO         2708    .text               c_w.l(_printf_char_common.o)
    0x080005b4   0x0000000a   Code   RO         2710    .text               c_w.l(_sputc.o)
    0x080005be   0x00000002   PAD
    0x080005c0   0x00000024   Code   RO         2712    .text               c_w.l(_printf_char_file.o)
    0x080005e4   0x00000008   Code   RO         2768    .text               c_w.l(rt_errno_addr_intlibspace.o)
    0x080005ec   0x00000008   Code   RO         2772    .text               c_w.l(ferror.o)
    0x080005f4   0x00000008   Code   RO         2786    .text               c_w.l(libspace.o)
    0x080005fc   0x0000004a   Code   RO         2789    .text               c_w.l(sys_stackheap_outer.o)
    0x08000646   0x0000000c   Code   RO         2791    .text               c_w.l(exit.o)
    0x08000652   0x00000002   PAD
    0x08000654   0x000001c4   Code   RO         2225    i.BlockWrite        lcd.o
    0x08000818   0x00000024   Code   RO            3    i.Clear_white       main.o
    0x0800083c   0x00000060   Code   RO         2419    i.DS18B20_Check     ds18b20.o
    0x0800089c   0x00000084   Code   RO         2420    i.DS18B20_Get_Temp  ds18b20.o
    0x08000920   0x00000040   Code   RO         2421    i.DS18B20_Init      ds18b20.o
    0x08000960   0x00000068   Code   RO         2422    i.DS18B20_Read_Bit  ds18b20.o
    0x080009c8   0x00000022   Code   RO         2423    i.DS18B20_Read_Byte  ds18b20.o
    0x080009ea   0x00000002   PAD
    0x080009ec   0x00000044   Code   RO         2424    i.DS18B20_Rst       ds18b20.o
    0x08000a30   0x00000018   Code   RO         2425    i.DS18B20_Start     ds18b20.o
    0x08000a48   0x00000074   Code   RO         2426    i.DS18B20_Write_Byte  ds18b20.o
    0x08000abc   0x000000f0   Code   RO         2226    i.Display_Menu      lcd.o
    0x08000bac   0x000000e0   Code   RO            4    i.Draw_XY           main.o
    0x08000c8c   0x0000000c   Code   RO         2037    i.EXTI_ClearITPendingBit  stm32f4xx_exti.o
    0x08000c98   0x00000094   Code   RO         2042    i.EXTI_Init         stm32f4xx_exti.o
    0x08000d2c   0x00000090   Code   RO          323    i.GPIO_Init         stm32f4xx_gpio.o
    0x08000dbc   0x00000046   Code   RO          324    i.GPIO_PinAFConfig  stm32f4xx_gpio.o
    0x08000e02   0x00000002   PAD
    0x08000e04   0x00000054   Code   RO         2560    i.KEY_Init          key.o
    0x08000e58   0x000000a0   Code   RO         2561    i.KEY_Scan          key.o
    0x08000ef8   0x00000080   Code   RO         2227    i.LCD_Clear         lcd.o
    0x08000f78   0x00000034   Code   RO         2228    i.LCD_DisplayOff    lcd.o
    0x08000fac   0x00000034   Code   RO         2229    i.LCD_DisplayOn     lcd.o
    0x08000fe0   0x000000b0   Code   RO         2230    i.LCD_DrawLine      lcd.o
    0x08001090   0x00000078   Code   RO         2231    i.LCD_DrawPoint     lcd.o
    0x08001108   0x00000098   Code   RO         2233    i.LCD_Draw_Circle   lcd.o
    0x080011a0   0x00000070   Code   RO         2234    i.LCD_Fast_DrawPoint  lcd.o
    0x08001210   0x000009fc   Code   RO         2235    i.LCD_Init          lcd.o
    0x08001c0c   0x00000016   Code   RO         2236    i.LCD_Pow           lcd.o
    0x08001c22   0x00000002   PAD
    0x08001c24   0x00000120   Code   RO         2237    i.LCD_SetCursor     lcd.o
    0x08001d44   0x00000120   Code   RO         2238    i.LCD_ShowChar      lcd.o
    0x08001e64   0x00000094   Code   RO         2239    i.LCD_ShowNum       lcd.o
    0x08001ef8   0x00000066   Code   RO         2240    i.LCD_ShowString    lcd.o
    0x08001f5e   0x0000008a   Code   RO         2481    i.My_RTC_Init       rtc.o
    0x08001fe8   0x00000078   Code   RO          278    i.NVIC_Init         misc.o
    0x08002060   0x00000014   Code   RO          279    i.NVIC_PriorityGroupConfig  misc.o
    0x08002074   0x00000094   Code   RO         2367    i.PWM_Init          pwm.o
    0x08002108   0x0000000c   Code   RO         1560    i.PWR_BackupAccessCmd  stm32f4xx_pwr.o
    0x08002114   0x00000020   Code   RO          420    i.RCC_AHB1PeriphClockCmd  stm32f4xx_rcc.o
    0x08002134   0x00000020   Code   RO          429    i.RCC_APB1PeriphClockCmd  stm32f4xx_rcc.o
    0x08002154   0x00000020   Code   RO          432    i.RCC_APB2PeriphClockCmd  stm32f4xx_rcc.o
    0x08002174   0x000000e8   Code   RO          441    i.RCC_GetClocksFreq  stm32f4xx_rcc.o
    0x0800225c   0x00000040   Code   RO          442    i.RCC_GetFlagStatus  stm32f4xx_rcc.o
    0x0800229c   0x0000002c   Code   RO          450    i.RCC_LSEConfig     stm32f4xx_rcc.o
    0x080022c8   0x0000000c   Code   RO          464    i.RCC_RTCCLKCmd     stm32f4xx_rcc.o
    0x080022d4   0x0000003c   Code   RO          465    i.RCC_RTCCLKConfig  stm32f4xx_rcc.o
    0x08002310   0x00000030   Code   RO         2482    i.RTC_Alarm_IRQHandler  rtc.o
    0x08002340   0x00000016   Code   RO         1685    i.RTC_Bcd2ToByte    stm32f4xx_rtc.o
    0x08002356   0x0000001c   Code   RO         1687    i.RTC_ByteToBcd2    stm32f4xx_rtc.o
    0x08002372   0x00000002   PAD
    0x08002374   0x0000001c   Code   RO         1690    i.RTC_ClearFlag     stm32f4xx_rtc.o
    0x08002390   0x00000020   Code   RO         1691    i.RTC_ClearITPendingBit  stm32f4xx_rtc.o
    0x080023b0   0x00000050   Code   RO         1697    i.RTC_EnterInitMode  stm32f4xx_rtc.o
    0x08002400   0x00000014   Code   RO         1698    i.RTC_ExitInitMode  stm32f4xx_rtc.o
    0x08002414   0x0000004c   Code   RO         1701    i.RTC_GetDate       stm32f4xx_rtc.o
    0x08002460   0x00000028   Code   RO         1702    i.RTC_GetFlagStatus  stm32f4xx_rtc.o
    0x08002488   0x00000050   Code   RO         1706    i.RTC_GetTime       stm32f4xx_rtc.o
    0x080024d8   0x00000064   Code   RO         1710    i.RTC_ITConfig      stm32f4xx_rtc.o
    0x0800253c   0x00000064   Code   RO         1711    i.RTC_Init          stm32f4xx_rtc.o
    0x080025a0   0x00000020   Code   RO         1714    i.RTC_ReadBackupRegister  stm32f4xx_rtc.o
    0x080025c0   0x000000c8   Code   RO         1717    i.RTC_SetDate       stm32f4xx_rtc.o
    0x08002688   0x000000d0   Code   RO         1718    i.RTC_SetTime       stm32f4xx_rtc.o
    0x08002758   0x0000001c   Code   RO         1719    i.RTC_SetWakeUpCounter  stm32f4xx_rtc.o
    0x08002774   0x00000024   Code   RO         2484    i.RTC_Set_Date      rtc.o
    0x08002798   0x00000024   Code   RO         2485    i.RTC_Set_Time      rtc.o
    0x080027bc   0x00000070   Code   RO         2486    i.RTC_Set_WakeUp    rtc.o
    0x0800282c   0x0000001e   Code   RO         2487    i.RTC_WKUP_IRQHandler  rtc.o
    0x0800284a   0x00000002   PAD
    0x0800284c   0x00000060   Code   RO         1734    i.RTC_WaitForSynchro  stm32f4xx_rtc.o
    0x080028ac   0x00000030   Code   RO         1735    i.RTC_WakeUpClockConfig  stm32f4xx_rtc.o
    0x080028dc   0x00000078   Code   RO         1736    i.RTC_WakeUpCmd     stm32f4xx_rtc.o
    0x08002954   0x0000001c   Code   RO         1737    i.RTC_WriteBackupRegister  stm32f4xx_rtc.o
    0x08002970   0x0000009c   Code   RO         2387    i.Send_IR           infrare.o
    0x08002a0c   0x000000ec   Code   RO          212    i.SetSysClock       system_stm32f4xx.o
    0x08002af8   0x00000010   Code   RO         2388    i.Signal_Start      infrare.o
    0x08002b08   0x00000010   Code   RO         2389    i.Signal_Stop       infrare.o
    0x08002b18   0x00000028   Code   RO          282    i.SysTick_CLKSourceConfig  misc.o
    0x08002b40   0x00000068   Code   RO          214    i.SystemInit        system_stm32f4xx.o
    0x08002ba8   0x00000018   Code   RO         1014    i.TIM_Cmd           stm32f4xx_tim.o
    0x08002bc0   0x000000a4   Code   RO         1048    i.TIM_OC2Init       stm32f4xx_tim.o
    0x08002c64   0x0000001a   Code   RO         1051    i.TIM_OC2PreloadConfig  stm32f4xx_tim.o
    0x08002c7e   0x00000004   Code   RO         1077    i.TIM_SetCompare2   stm32f4xx_tim.o
    0x08002c82   0x00000002   PAD
    0x08002c84   0x00000084   Code   RO         1086    i.TIM_TimeBaseInit  stm32f4xx_tim.o
    0x08002d08   0x00000120   Code   RO            5    i.Temp_Control      main.o
    0x08002e28   0x000000ec   Code   RO            6    i.Time_Display      main.o
    0x08002f14   0x0000001c   Code   RO            7    i.Time_Menu         main.o
    0x08002f30   0x00000088   Code   RO         2156    i.USART1_IRQHandler  usart.o
    0x08002fb8   0x00000018   Code   RO          814    i.USART_Cmd         stm32f4xx_usart.o
    0x08002fd0   0x00000054   Code   RO          818    i.USART_GetITStatus  stm32f4xx_usart.o
    0x08003024   0x0000004a   Code   RO          820    i.USART_ITConfig    stm32f4xx_usart.o
    0x0800306e   0x00000002   PAD
    0x08003070   0x000000d4   Code   RO          821    i.USART_Init        stm32f4xx_usart.o
    0x08003144   0x0000000a   Code   RO          828    i.USART_ReceiveData  stm32f4xx_usart.o
    0x0800314e   0x00000030   Code   RO         2782    i.__ARM_fpclassify  m_wm.l(fpclassify.o)
    0x0800317e   0x00000002   PAD
    0x08003180   0x000000c8   Code   RO         2677    i.__hardfp_cos      m_wm.l(cos.o)
    0x08003248   0x000000c8   Code   RO         2689    i.__hardfp_sin      m_wm.l(sin.o)
    0x08003310   0x00000438   Code   RO         2739    i.__ieee754_rem_pio2  m_wm.l(rred.o)
    0x08003748   0x00000170   Code   RO         2722    i.__kernel_cos      m_wm.l(cos_i.o)
    0x080038b8   0x000000f8   Code   RO         2784    i.__kernel_poly     m_wm.l(poly.o)
    0x080039b0   0x00000130   Code   RO         2744    i.__kernel_sin      m_wm.l(sin_i.o)
    0x08003ae0   0x00000014   Code   RO         2726    i.__mathlib_dbl_infnan  m_wm.l(dunder.o)
    0x08003af4   0x00000004   PAD
    0x08003af8   0x00000020   Code   RO         2728    i.__mathlib_dbl_invalid  m_wm.l(dunder.o)
    0x08003b18   0x00000020   Code   RO         2731    i.__mathlib_dbl_underflow  m_wm.l(dunder.o)
    0x08003b38   0x0000000e   Code   RO         2634    i._is_digit         c_w.l(__printf_wp.o)
    0x08003b46   0x00000006   Code   RO         2157    i._sys_exit         usart.o
    0x08003b4c   0x0000050c   Code   RO         2488    i.clock_display     rtc.o
    0x08004058   0x0000003c   Code   RO         2098    i.delay_init        delay.o
    0x08004094   0x00000038   Code   RO         2099    i.delay_ms          delay.o
    0x080040cc   0x0000004c   Code   RO         2100    i.delay_us          delay.o
    0x08004118   0x0000004c   Code   RO         2101    i.delay_xms         delay.o
    0x08004164   0x0000027c   Code   RO         2489    i.draw_clock        rtc.o
    0x080043e0   0x00000160   Code   RO            8    i.draw_templine     main.o
    0x08004540   0x00000018   Code   RO         2778    i.fabs              m_wm.l(fabs.o)
    0x08004558   0x0000001c   Code   RO         2158    i.fputc             usart.o
    0x08004574   0x00000210   Code   RO            9    i.main              main.o
    0x08004784   0x000000ac   Code   RO         2159    i.uart_init         usart.o
    0x08004830   0x00000018   Code   RO         2715    x$fpl$basic         fz_wm.l(basic.o)
    0x08004848   0x00000150   Code   RO         2651    x$fpl$dadd          fz_wm.l(daddsub_clz.o)
    0x08004998   0x000002b0   Code   RO         2658    x$fpl$ddiv          fz_wm.l(ddiv.o)
    0x08004c48   0x0000005e   Code   RO         2661    x$fpl$dfix          fz_wm.l(dfix.o)
    0x08004ca6   0x00000002   PAD
    0x08004ca8   0x0000005a   Code   RO         2665    x$fpl$dfixu         fz_wm.l(dfixu.o)
    0x08004d02   0x0000002e   Code   RO         2670    x$fpl$dflt          fz_wm.l(dflt_clz.o)
    0x08004d30   0x00000026   Code   RO         2669    x$fpl$dfltu         fz_wm.l(dflt_clz.o)
    0x08004d56   0x00000002   PAD
    0x08004d58   0x00000154   Code   RO         2675    x$fpl$dmul          fz_wm.l(dmul.o)
    0x08004eac   0x0000009c   Code   RO         2717    x$fpl$dnaninf       fz_wm.l(dnaninf.o)
    0x08004f48   0x0000000c   Code   RO         2719    x$fpl$dretinf       fz_wm.l(dretinf.o)
    0x08004f54   0x00000016   Code   RO         2652    x$fpl$drsb          fz_wm.l(daddsub_clz.o)
    0x08004f6a   0x00000002   PAD
    0x08004f6c   0x000001d4   Code   RO         2653    x$fpl$dsub          fz_wm.l(daddsub_clz.o)
    0x08005140   0x0000000a   Code   RO         2855    x$fpl$fpinit        fz_wm.l(fpinit.o)
    0x0800514a   0x00000000   Code   RO         2721    x$fpl$usenofp       fz_wm.l(usenofp.o)
    0x0800514a   0x00026fc8   Data   RO         2244    .constdata          lcd.o
    0x0802c112   0x00000011   Data   RO         2637    .constdata          c_w.l(__printf_flags_wp.o)
    0x0802c123   0x00000005   PAD
    0x0802c128   0x00000030   Data   RO         2723    .constdata          m_wm.l(cos_i.o)
    0x0802c158   0x000000c8   Data   RO         2741    .constdata          m_wm.l(rred.o)
    0x0802c220   0x00000028   Data   RO         2745    .constdata          m_wm.l(sin_i.o)
    0x0802c248   0x00000020   Data   RO         2918    Region$$Table       anon$$obj.o


    Execution Region RW_IRAM1 (Base: 0x20000000, Size: 0x00000828, Max: 0x00018000, ABSOLUTE)

    Base Addr    Size         Type   Attr      Idx    E Section Name        Object

    0x20000000   0x00000040   Data   RW           11    .data               main.o
    0x20000040   0x00000010   Data   RW          473    .data               stm32f4xx_rcc.o
    0x20000050   0x00000004   Data   RW         2102    .data               delay.o
    0x20000054   0x00000006   Data   RW         2161    .data               usart.o
    0x2000005a   0x00000004   Data   RW         2245    .data               lcd.o
    0x2000005e   0x00000002   PAD
    0x20000060   0x00000028   Data   RW         2490    .data               rtc.o
    0x20000088   0x00000001   Data   RW         2562    .data               key.o
    0x20000089   0x00000003   PAD
    0x2000008c   0x00000058   Zero   RW           10    .bss                main.o
    0x200000e4   0x000000c8   Zero   RW         2160    .bss                usart.o
    0x200001ac   0x0000001a   Zero   RW         2243    .bss                lcd.o
    0x200001c6   0x00000002   PAD
    0x200001c8   0x00000060   Zero   RW         2787    .bss                c_w.l(libspace.o)
    0x20000228   0x00000200   Zero   RW          270    HEAP                startup_stm32f40_41xxx.o
    0x20000428   0x00000400   Zero   RW          269    STACK               startup_stm32f40_41xxx.o


==============================================================================

Image component sizes


      Code (inc. data)   RO Data    RW Data    ZI Data      Debug   Object Name

       268         16          0          4          0       2543   delay.o
       638         64          0          0          0       5104   ds18b20.o
       188          8          0          0          0       1775   infrare.o
       244         22          0          1          0       1274   key.o
      4888        142     159688          4         26      15921   lcd.o
      1692        184          0         64         88     304537   main.o
       180         24          0          0          0       2121   misc.o
       148         10          0          0          0        755   pwm.o
      2328        162          0         40          0       6712   rtc.o
        64         26        392          0       1536        856   startup_stm32f40_41xxx.o
       160         12          0          0          0       1529   stm32f4xx_exti.o
       214          0          0          0          0       1787   stm32f4xx_gpio.o
        12          6          0          0          0        542   stm32f4xx_pwr.o
       508         60          0         16          0       7054   stm32f4xx_rcc.o
      1366        104          0          0          0      12864   stm32f4xx_rtc.o
       350         38          0          0          0       3760   stm32f4xx_tim.o
       404          8          0          0          0       4278   stm32f4xx_usart.o
       340         32          0          0          0       1509   system_stm32f4xx.o
       342         28          0          6        200       4344   usart.o

    ----------------------------------------------------------------------
     14348        946     160112        140       1852     379265   Object Totals
         0          0         32          0          0          0   (incl. Generated)
        14          0          0          5          2          0   (incl. Padding)

    ----------------------------------------------------------------------

      Code (inc. data)   RO Data    RW Data    ZI Data      Debug   Library Member Name

         8          0          0          0          0         68   __main.o
       312          4         17          0          0         92   __printf_flags_wp.o
        14          0          0          0          0         68   __printf_wp.o
         0          0          0          0          0          0   __rtentry.o
        12          0          0          0          0          0   __rtentry2.o
         6          0          0          0          0          0   __rtentry4.o
        52          8          0          0          0          0   __scatter.o
        26          0          0          0          0          0   __scatter_copy.o
        28          0          0          0          0          0   __scatter_zi.o
        48          6          0          0          0         96   _printf_char_common.o
        36          4          0          0          0         80   _printf_char_file.o
         6          0          0          0          0          0   _printf_d.o
       120         16          0          0          0         92   _printf_dec.o
       178          0          0          0          0         88   _printf_intcommon.o
        78          0          0          0          0        108   _printf_pad.o
         0          0          0          0          0          0   _printf_percent.o
         4          0          0          0          0          0   _printf_percent_end.o
        22          0          0          0          0        100   _rserrno.o
        10          0          0          0          0         68   _sputc.o
        12          0          0          0          0         72   exit.o
         8          0          0          0          0         68   ferror.o
         6          0          0          0          0        152   heapauxi.o
         2          0          0          0          0          0   libinit.o
         6          0          0          0          0          0   libinit2.o
         2          0          0          0          0          0   libshutdown.o
         2          0          0          0          0          0   libshutdown2.o
         8          4          0          0         96         68   libspace.o
        24          4          0          0          0         84   noretval__2printf.o
        40          6          0          0          0         84   noretval__2sprintf.o
         8          4          0          0          0         68   rt_errno_addr_intlibspace.o
         2          0          0          0          0          0   rtexit.o
        10          0          0          0          0          0   rtexit2.o
        74          0          0          0          0         80   sys_stackheap_outer.o
         2          0          0          0          0         68   use_no_semi.o
         2          0          0          0          0         68   use_no_semi_2.o
        24          0          0          0          0        164   basic.o
       826         16          0          0          0        492   daddsub_clz.o
       688        140          0          0          0        256   ddiv.o
        94          4          0          0          0        140   dfix.o
        90          4          0          0          0        140   dfixu.o
        84          0          0          0          0        232   dflt_clz.o
       340         12          0          0          0        152   dmul.o
       156          4          0          0          0        140   dnaninf.o
        12          0          0          0          0        116   dretinf.o
        10          0          0          0          0        116   fpinit.o
         0          0          0          0          0          0   usenofp.o
       200         20          0          0          0        164   cos.o
       368         46         48          0          0        200   cos_i.o
        84         16          0          0          0        372   dunder.o
        24          0          0          0          0        124   fabs.o
        48          0          0          0          0        124   fpclassify.o
       248          0          0          0          0        152   poly.o
      1080        142        200          0          0        188   rred.o
       200         20          0          0          0        164   sin.o
       304         24         40          0          0        208   sin_i.o

    ----------------------------------------------------------------------
      6070        504        310          0         96       5316   Library Totals
        22          0          5          0          0          0   (incl. Padding)

    ----------------------------------------------------------------------

      Code (inc. data)   RO Data    RW Data    ZI Data      Debug   Library Name

      1168         56         17          0         96       1672   c_w.l
      2324        180          0          0          0       1948   fz_wm.l
      2556        268        288          0          0       1696   m_wm.l

    ----------------------------------------------------------------------
      6070        504        310          0         96       5316   Library Totals

    ----------------------------------------------------------------------

==============================================================================


      Code (inc. data)   RO Data    RW Data    ZI Data      Debug   

     20418       1450     160422        140       1948     372049   Grand Totals
     20418       1450     160422        140       1948     372049   ELF Image Totals
     20418       1450     160422        140          0          0   ROM Totals

==============================================================================

    Total RO  Size (Code + RO Data)               180840 ( 176.60kB)
    Total RW  Size (RW Data + ZI Data)              2088 (   2.04kB)
    Total ROM Size (Code + RO Data + RW Data)     180980 ( 176.74kB)

==============================================================================

